Archive member included to satisfy reference by file (symbol)

C:\Users\PC\Desktop\bai bao cao ben mindx\SDK_1.0.3_NUCLEO-F401RE\lib_stm\libLibraries.a(system_stm32f4xx.o)
                              ./Src/main.o (SystemCoreClockUpdate)
C:\Users\PC\Desktop\bai bao cao ben mindx\SDK_1.0.3_NUCLEO-F401RE\lib_stm\libLibraries.a(timer.o)
                              ./Src/main.o (TimerInit)
C:\Users\PC\Desktop\bai bao cao ben mindx\SDK_1.0.3_NUCLEO-F401RE\lib_stm\libLibraries.a(Ucglib.o)
                              ./Src/main.o (Ucglib4WireSWSPI_begin)
C:\Users\PC\Desktop\bai bao cao ben mindx\SDK_1.0.3_NUCLEO-F401RE\lib_stm\libLibraries.a(ucg_box.o)
                              ./Src/main.o (ucg_ClearScreen)
C:\Users\PC\Desktop\bai bao cao ben mindx\SDK_1.0.3_NUCLEO-F401RE\lib_stm\libLibraries.a(ucg_ccs.o)
                              C:\Users\PC\Desktop\bai bao cao ben mindx\SDK_1.0.3_NUCLEO-F401RE\lib_stm\libLibraries.a(ucg_box.o) (ucg_ccs_init)
C:\Users\PC\Desktop\bai bao cao ben mindx\SDK_1.0.3_NUCLEO-F401RE\lib_stm\libLibraries.a(ucg_circle.o)
                              C:\Users\PC\Desktop\bai bao cao ben mindx\SDK_1.0.3_NUCLEO-F401RE\lib_stm\libLibraries.a(ucg_box.o) (ucg_DrawCircle)
C:\Users\PC\Desktop\bai bao cao ben mindx\SDK_1.0.3_NUCLEO-F401RE\lib_stm\libLibraries.a(ucg_dev_default_cb.o)
                              C:\Users\PC\Desktop\bai bao cao ben mindx\SDK_1.0.3_NUCLEO-F401RE\lib_stm\libLibraries.a(Ucglib.o) (ucg_dev_default_cb)
C:\Users\PC\Desktop\bai bao cao ben mindx\SDK_1.0.3_NUCLEO-F401RE\lib_stm\libLibraries.a(ucg_dev_ic_st7735.o)
                              C:\Users\PC\Desktop\bai bao cao ben mindx\SDK_1.0.3_NUCLEO-F401RE\lib_stm\libLibraries.a(Ucglib.o) (ucg_ext_st7735_18)
C:\Users\PC\Desktop\bai bao cao ben mindx\SDK_1.0.3_NUCLEO-F401RE\lib_stm\libLibraries.a(ucg_dev_msg_api.o)
                              C:\Users\PC\Desktop\bai bao cao ben mindx\SDK_1.0.3_NUCLEO-F401RE\lib_stm\libLibraries.a(ucg_box.o) (ucg_SetMaxClipRange)
C:\Users\PC\Desktop\bai bao cao ben mindx\SDK_1.0.3_NUCLEO-F401RE\lib_stm\libLibraries.a(ucg_dev_tft_128x128_st7735.o)
                              C:\Users\PC\Desktop\bai bao cao ben mindx\SDK_1.0.3_NUCLEO-F401RE\lib_stm\libLibraries.a(Ucglib.o) (ucg_dev_st7735_18x128x128)
C:\Users\PC\Desktop\bai bao cao ben mindx\SDK_1.0.3_NUCLEO-F401RE\lib_stm\libLibraries.a(ucg_font.o)
                              C:\Users\PC\Desktop\bai bao cao ben mindx\SDK_1.0.3_NUCLEO-F401RE\lib_stm\libLibraries.a(Ucglib.o) (ucg_SetFontMode)
C:\Users\PC\Desktop\bai bao cao ben mindx\SDK_1.0.3_NUCLEO-F401RE\lib_stm\libLibraries.a(ucg_init.o)
                              C:\Users\PC\Desktop\bai bao cao ben mindx\SDK_1.0.3_NUCLEO-F401RE\lib_stm\libLibraries.a(Ucglib.o) (ucg_Init)
C:\Users\PC\Desktop\bai bao cao ben mindx\SDK_1.0.3_NUCLEO-F401RE\lib_stm\libLibraries.a(ucg_line.o)
                              C:\Users\PC\Desktop\bai bao cao ben mindx\SDK_1.0.3_NUCLEO-F401RE\lib_stm\libLibraries.a(ucg_font.o) (ucg_Draw90Line)
C:\Users\PC\Desktop\bai bao cao ben mindx\SDK_1.0.3_NUCLEO-F401RE\lib_stm\libLibraries.a(ucg_pixel.o)
                              ./Src/main.o (ucg_SetColor)
C:\Users\PC\Desktop\bai bao cao ben mindx\SDK_1.0.3_NUCLEO-F401RE\lib_stm\libLibraries.a(ucg_pixel_font_data.o)
                              ./Src/main.o (ucg_font_helvR08_tf)
C:\Users\PC\Desktop\bai bao cao ben mindx\SDK_1.0.3_NUCLEO-F401RE\lib_stm\libLibraries.a(ucg_rotate.o)
                              ./Src/main.o (ucg_SetRotate180)
C:\Users\PC\Desktop\bai bao cao ben mindx\SDK_1.0.3_NUCLEO-F401RE\lib_stm\libLibraries.a(buff.o)
                              C:\Users\PC\Desktop\bai bao cao ben mindx\SDK_1.0.3_NUCLEO-F401RE\lib_stm\libLibraries.a(ucg_font.o) (bufInit)
C:\Users\PC\Desktop\bai bao cao ben mindx\SDK_1.0.3_NUCLEO-F401RE\lib_stm\libLibraries.a(utilities.o)
                              C:\Users\PC\Desktop\bai bao cao ben mindx\SDK_1.0.3_NUCLEO-F401RE\lib_stm\libLibraries.a(timer.o) (memsetl)
C:\Users\PC\Desktop\bai bao cao ben mindx\SDK_1.0.3_NUCLEO-F401RE\lib_stm\libLibraries.a(stm32f401re_gpio.o)
                              C:\Users\PC\Desktop\bai bao cao ben mindx\SDK_1.0.3_NUCLEO-F401RE\lib_stm\libLibraries.a(Ucglib.o) (GPIO_Init)
C:\Users\PC\Desktop\bai bao cao ben mindx\SDK_1.0.3_NUCLEO-F401RE\lib_stm\libLibraries.a(stm32f401re_rcc.o)
                              C:\Users\PC\Desktop\bai bao cao ben mindx\SDK_1.0.3_NUCLEO-F401RE\lib_stm\libLibraries.a(timer.o) (RCC_GetClocksFreq)
C:\Users\PC\Desktop\bai bao cao ben mindx\SDK_1.0.3_NUCLEO-F401RE\lib_stm\libLibraries.a(ucg_clip.o)
                              C:\Users\PC\Desktop\bai bao cao ben mindx\SDK_1.0.3_NUCLEO-F401RE\lib_stm\libLibraries.a(ucg_dev_ic_st7735.o) (ucg_clip_is_pixel_visible)
C:\Users\PC\Desktop\bai bao cao ben mindx\SDK_1.0.3_NUCLEO-F401RE\lib_stm\libLibraries.a(ucg_com_msg_api.o)
[...]
Memory Configuration

Name             Origin             Length             Attributes
RAM              0x0000000020000000 0x0000000000018000 xrw
FLASH            0x0000000008000000 0x0000000000080000 xr
*default*        0x0000000000000000 0xffffffffffffffff

Linker script and memory map

LOAD c:/st/stm32cubeide_1.7.0/stm32cubeide/plugins/com.st.stm32cube.ide.mcu.externaltools.gnu-tools-for-stm32.9-2020-q2-update.win32_2.0.0.202105311346/tools/bin/../lib/gcc/arm-none-eabi/9.3.1/thumb/v7e-m+fp/hard/crti.o
LOAD c:/st/stm32cubeide_1.7.0/stm32cubeide/plugins/com.st.stm32cube.ide.mcu.externaltools.gnu-tools-for-stm32.9-2020-q2-update.win32_2.0.0.202105311346/tools/bin/../lib/gcc/arm-none-eabi/9.3.1/thumb/v7e-m+fp/hard/crtbegin.o
LOAD c:/st/stm32cubeide_1.7.0/stm32cubeide/plugins/com.st.stm32cube.ide.mcu.externaltools.gnu-tools-for-stm32.9-2020-q2-update.win32_2.0.0.202105311346/tools/bin/../lib/gcc/arm-none-eabi/9.3.1/../../../../arm-none-eabi/lib/thumb/v7e-m+fp/hard/crt0.o
LOAD ./Src/main.o
LOAD ./Src/syscalls.o
LOAD ./Src/sysmem.o
LOAD ./Startup/startup_stm32f401retx.o
LOAD C:\Users\PC\Desktop\bai bao cao ben mindx\SDK_1.0.3_NUCLEO-F401RE\lib_stm\libLibraries.a
START GROUP
LOAD c:/st/stm32cubeide_1.7.0/stm32cubeide/plugins/com.st.stm32cube.ide.mcu.externaltools.gnu-tools-for-stm32.9-2020-q2-update.win32_2.0.0.202105311346/tools/bin/../lib/gcc/arm-none-eabi/9.3.1/../../../../arm-none-eabi/lib/thumb/v7e-m+fp/hard\libc_nano.a
LOAD c:/st/stm32cubeide_1.7.0/stm32cubeide/plugins/com.st.stm32cube.ide.mcu.externaltools.gnu-tools-for-stm32.9-2020-q2-update.win32_2.0.0.202105311346/tools/bin/../lib/gcc/arm-none-eabi/9.3.1/../../../../arm-none-eabi/lib/thumb/v7e-m+fp/hard\libm.a
END GROUP
START GROUP
LOAD c:/st/stm32cubeide_1.7.0/stm32cubeide/plugins/com.st.stm32cube.ide.mcu.externaltools.gnu-tools-for-stm32.9-2020-q2-update.win32_2.0.0.202105311346/tools/bin/../lib/gcc/arm-none-eabi/9.3.1/thumb/v7e-m+fp/hard\libgcc.a
LOAD c:/st/stm32cubeide_1.7.0/stm32cubeide/plugins/com.st.stm32cube.ide.mcu.externaltools.gnu-tools-for-stm32.9-2020-q2-update.win32_2.0.0.202105311346/tools/bin/../lib/gcc/arm-none-eabi/9.3.1/../../../../arm-none-eabi/lib/thumb/v7e-m+fp/hard\libc_nano.a
END GROUP
START GROUP
LOAD c:/st/stm32cubeide_1.7.0/stm32cubeide/plugins/com.st.stm32cube.ide.mcu.externaltools.gnu-tools-for-stm32.9-2020-q2-update.win32_2.0.0.202105311346/tools/bin/../lib/gcc/arm-none-eabi/9.3.1/thumb/v7e-m+fp/hard\libgcc.a
LOAD c:/st/stm32cubeide_1.7.0/stm32cubeide/plugins/com.st.stm32cube.ide.mcu.externaltools.gnu-tools-for-stm32.9-2020-q2-update.win32_2.0.0.202105311346/tools/bin/../lib/gcc/arm-none-eabi/9.3.1/../../../../arm-none-eabi/lib/thumb/v7e-m+fp/hard\libc_nano.a
LOAD c:/st/stm32cubeide_1.7.0/stm32cubeide/plugins/com.st.stm32cube.ide.mcu.externaltools.gnu-tools-for-stm32.9-2020-q2-update.win32_2.0.0.202105311346/tools/bin/../lib/gcc/arm-none-eabi/9.3.1/../../../../arm-none-eabi/lib/thumb/v7e-m+fp/hard\libnosys.a
END GROUP
START GROUP
LOAD c:/st/stm32cubeide_1.7.0/stm32cubeide/plugins/com.st.stm32cube.ide.mcu.externaltools.gnu-tools-for-stm32.9-2020-q2-update.win32_2.0.0.202105311346/tools/bin/../lib/gcc/arm-none-eabi/9.3.1/thumb/v7e-m+fp/hard\libgcc.a
LOAD c:/st/stm32cubeide_1.7.0/stm32cubeide/plugins/com.st.stm32cube.ide.mcu.externaltools.gnu-tools-for-stm32.9-2020-q2-update.win32_2.0.0.202105311346/tools/bin/../lib/gcc/arm-none-eabi/9.3.1/../../../../arm-none-eabi/lib/thumb/v7e-m+fp/hard\libc_nano.a
LOAD c:/st/stm32cubeide_1.7.0/stm32cubeide/plugins/com.st.stm32cube.ide.mcu.externaltools.gnu-tools-for-stm32.9-2020-q2-update.win32_2.0.0.202105311346/tools/bin/../lib/gcc/arm-none-eabi/9.3.1/../../../../arm-none-eabi/lib/thumb/v7e-m+fp/hard\libnosys.a
END GROUP
LOAD c:/st/stm32cubeide_1.7.0/stm32cubeide/plugins/com.st.stm32cube.ide.mcu.externaltools.gnu-tools-for-stm32.9-2020-q2-update.win32_2.0.0.202105311346/tools/bin/../lib/gcc/arm-none-eabi/9.3.1/thumb/v7e-m+fp/hard/crtend.o
LOAD c:/st/stm32cubeide_1.7.0/stm32cubeide/plugins/com.st.stm32cube.ide.mcu.externaltools.gnu-tools-for-stm32.9-2020-q2-update.win32_2.0.0.202105311346/tools/bin/../lib/gcc/arm-none-eabi/9.3.1/thumb/v7e-m+fp/hard/crtn.o
                0x0000000020018000                _estack = (ORIGIN (RAM) + LENGTH (RAM))
                0x0000000000000200                _Min_Heap_Size = 0x200
                0x0000000000000400                _Min_Stack_Size = 0x400

.isr_vector     0x0000000008000000      0x194
                0x0000000008000000                . = ALIGN (0x4)
 *(.isr_vector)
 .isr_vector    0x0000000008000000      0x194 ./Startup/startup_stm32f401retx.o
                0x0000000008000000                g_pfnVectors
                0x0000000008000194                . = ALIGN (0x4)

.text           0x0000000008000194     0x3030
                0x0000000008000194                . = ALIGN (0x4)
 *(.text)
 .text          0x0000000008000194       0x40 c:/st/stm32cubeide_1.7.0/stm32cubeide/plugins/com.st.stm32cube.ide.mcu.externaltools.gnu-tools-for-stm32.9-2020-q2-update.win32_2.0.0.202105311346/tools/bin/../lib/gcc/arm-none-eabi/9.3.1/thumb/v7e-m+fp/hard/crtbegin.o
 *(.text*)
 .text.main     0x00000000080001d4       0x80 ./Src/main.o
                0x00000000080001d4                main
 .text.Reset_Handler
                0x0000000008000254       0x50 ./Startup/startup_stm32f401retx.o
                0x0000000008000254                Reset_Handler
 .text.Default_Handler
                0x00000000080002a4        0x2 ./Startup/startup_stm32f401retx.o
                0x00000000080002a4                EXTI2_IRQHandler
                0x00000000080002a4                DebugMon_Handler
                0x00000000080002a4                SPI4_IRQHandler
                0x00000000080002a4                TIM1_CC_IRQHandler
                0x00000000080002a4                HardFault_Handler
                0x00000000080002a4                SDIO_IRQHandler
                0x00000000080002a4                TAMP_STAMP_IRQHandler
                0x00000000080002a4                PendSV_Handler
                0x00000000080002a4                NMI_Handler
                0x00000000080002a4                EXTI3_IRQHandler
                0x00000000080002a4                TIM1_UP_TIM10_IRQHandler
                0x00000000080002a4                I2C3_ER_IRQHandler
                0x00000000080002a4                EXTI18_OTG_FS_WKUP_IRQHandler
                0x00000000080002a4                EXTI0_IRQHandler
                0x00000000080002a4                I2C2_EV_IRQHandler
                0x00000000080002a4                FPU_IRQHandler
                0x00000000080002a4                UsageFault_Handler
                0x00000000080002a4                SPI1_IRQHandler
                0x00000000080002a4                TIM1_BRK_TIM9_IRQHandler
                0x00000000080002a4                USART6_IRQHandler
                0x00000000080002a4                TIM4_IRQHandler
                0x00000000080002a4                I2C1_EV_IRQHandler
                0x00000000080002a4                TIM3_IRQHandler
                0x00000000080002a4                RCC_IRQHandler
                0x00000000080002a4                Default_Handler
                0x00000000080002a4                EXTI15_10_IRQHandler
                0x00000000080002a4                ADC_IRQHandler
                0x00000000080002a4                TIM5_IRQHandler
                0x00000000080002a4                I2C3_EV_IRQHandler
                0x00000000080002a4                EXTI9_5_IRQHandler
                0x00000000080002a4                SPI2_IRQHandler
                0x00000000080002a4                MemManage_Handler
                0x00000000080002a4                SVC_Handler
                0x00000000080002a4                EXTI4_IRQHandler
                0x00000000080002a4                EXTI22_RTC_WKUP_IRQHandler
                0x00000000080002a4                TIM2_IRQHandler
                0x00000000080002a4                EXTI16_PVD_IRQHandler
                0x00000000080002a4                TIM1_TRG_COM_TIM11_IRQHandler
                0x00000000080002a4                EXTI1_IRQHandler
                0x00000000080002a4                EXTI17_RTC_Alarm_IRQHandler
                0x00000000080002a4                USART2_IRQHandler
                0x00000000080002a4                I2C2_ER_IRQHandler
                0x00000000080002a4                FLASH_IRQHandler
                0x00000000080002a4                BusFault_Handler
                0x00000000080002a4                USART1_IRQHandler
                0x00000000080002a4                OTG_FS_IRQHandler
                0x00000000080002a4                SPI3_IRQHandler
                0x00000000080002a4                I2C1_ER_IRQHandler
 *fill*         0x00000000080002a6        0x2 
 .text.SystemInit
                0x00000000080002a8       0x6c C:\Users\PC\Desktop\bai bao cao ben mindx\SDK_1.0.3_NUCLEO-F401RE\lib_stm\libLibraries.a(system_stm32f4xx.o)
                0x00000000080002a8                SystemInit
 .text.SystemCoreClockUpdate
                0x0000000008000314       0xf8 C:\Users\PC\Desktop\bai bao cao ben mindx\SDK_1.0.3_NUCLEO-F401RE\lib_stm\libLibraries.a(system_stm32f4xx.o)
                0x0000000008000314                SystemCoreClockUpdate
 .text.SetSysClock
                0x000000000800040c       0xa0 C:\Users\PC\Desktop\bai bao cao ben mindx\SDK_1.0.3_NUCLEO-F401RE\lib_stm\libLibraries.a(system_stm32f4xx.o)
 .text.NVIC_SetPriority
                0x00000000080004ac       0x54 C:\Users\PC\Desktop\bai bao cao ben mindx\SDK_1.0.3_NUCLEO-F401RE\lib_stm\libLibraries.a(timer.o)
 .text.SysTick_Config
                0x0000000008000500       0x44 C:\Users\PC\Desktop\bai bao cao ben mindx\SDK_1.0.3_NUCLEO-F401RE\lib_stm\libLibraries.a(timer.o)
 .text.TimerInit
                0x0000000008000544       0x44 C:\Users\PC\Desktop\bai bao cao ben mindx\SDK_1.0.3_NUCLEO-F401RE\lib_stm\libLibraries.a(timer.o)
                0x0000000008000544                TimerInit
 .text.TimerStart
                0x0000000008000588       0xc4 C:\Users\PC\Desktop\bai bao cao ben mindx\SDK_1.0.3_NUCLEO-F401RE\lib_stm\libLibraries.a(timer.o)
                0x0000000008000588                TimerStart
 .text.TimerStop
                0x000000000800064c       0xa0 C:\Users\PC\Desktop\bai bao cao ben mindx\SDK_1.0.3_NUCLEO-F401RE\lib_stm\libLibraries.a(timer.o)
                0x000000000800064c                TimerStop
 .text.GetMilSecTick
                0x00000000080006ec       0x18 C:\Users\PC\Desktop\bai bao cao ben mindx\SDK_1.0.3_NUCLEO-F401RE\lib_stm\libLibraries.a(timer.o)
                0x00000000080006ec                GetMilSecTick
 .text.processTimerScheduler
                0x0000000008000704       0xf0 C:\Users\PC\Desktop\bai bao cao ben mindx\SDK_1.0.3_NUCLEO-F401RE\lib_stm\libLibraries.a(timer.o)
                0x0000000008000704                processTimerScheduler
 .text.TimeExpired
                0x00000000080007f4       0xcc C:\Users\PC\Desktop\bai bao cao ben mindx\SDK_1.0.3_NUCLEO-F401RE\lib_stm\libLibraries.a(timer.o)
 .text.SysTick_Handler
                0x00000000080008c0       0x1c C:\Users\PC\Desktop\bai bao cao ben mindx\SDK_1.0.3_NUCLEO-F401RE\lib_stm\libLibraries.a(timer.o)
                0x00000000080008c0                SysTick_Handler
 .text.delayMicroseconds
                0x00000000080008dc       0x14 C:\Users\PC\Desktop\bai bao cao ben mindx\SDK_1.0.3_NUCLEO-F401RE\lib_stm\libLibraries.a(Ucglib.o)
 .text.ucg_gpio_init
                0x00000000080008f0       0x60 C:\Users\PC\Desktop\bai bao cao ben mindx\SDK_1.0.3_NUCLEO-F401RE\lib_stm\libLibraries.a(Ucglib.o)
 .text.ucg_com_arduino_send_generic_SW_SPI
                0x0000000008000950       0x74 C:\Users\PC\Desktop\bai bao cao ben mindx\SDK_1.0.3_NUCLEO-F401RE\lib_stm\libLibraries.a(Ucglib.o)
 .text.ucg_com_arduino_generic_SW_SPI
                0x00000000080009c4      0x1ec C:\Users\PC\Desktop\bai bao cao ben mindx\SDK_1.0.3_NUCLEO-F401RE\lib_stm\libLibraries.a(Ucglib.o)
 .text.Ucglib4WireSWSPI_begin
                0x0000000008000bb0       0x38 C:\Users\PC\Desktop\bai bao cao ben mindx\SDK_1.0.3_NUCLEO-F401RE\lib_stm\libLibraries.a(Ucglib.o)
                0x0000000008000bb0                Ucglib4WireSWSPI_begin
 .text.ucg_DrawBox
                0x0000000008000be8       0x56 C:\Users\PC\Desktop\bai bao cao ben mindx\SDK_1.0.3_NUCLEO-F401RE\lib_stm\libLibraries.a(ucg_box.o)
                0x0000000008000be8                ucg_DrawBox
 .text.ucg_ClearScreen
                0x0000000008000c3e       0x50 C:\Users\PC\Desktop\bai bao cao ben mindx\SDK_1.0.3_NUCLEO-F401RE\lib_stm\libLibraries.a(ucg_box.o)
                0x0000000008000c3e                ucg_ClearScreen
 .text.ucg_ccs_init
                0x0000000008000c8e       0xc0 C:\Users\PC\Desktop\bai bao cao ben mindx\SDK_1.0.3_NUCLEO-F401RE\lib_stm\libLibraries.a(ucg_ccs.o)
                0x0000000008000c8e                ucg_ccs_init
 .text.ucg_ccs_step
                0x0000000008000d4e       0x80 C:\Users\PC\Desktop\bai bao cao ben mindx\SDK_1.0.3_NUCLEO-F401RE\lib_stm\libLibraries.a(ucg_ccs.o)
                0x0000000008000d4e                ucg_ccs_step
 .text.ucg_ccs_seek
                0x0000000008000dce       0xca C:\Users\PC\Desktop\bai bao cao ben mindx\SDK_1.0.3_NUCLEO-F401RE\lib_stm\libLibraries.a(ucg_ccs.o)
                0x0000000008000dce                ucg_ccs_seek
 .text.ucg_dev_default_cb
                0x0000000008000e98       0x44 C:\Users\PC\Desktop\bai bao cao ben mindx\SDK_1.0.3_NUCLEO-F401RE\lib_stm\libLibraries.a(ucg_dev_default_cb.o)
                0x0000000008000e98                ucg_dev_default_cb
 .text.ucg_ext_none
                0x0000000008000edc       0x1c C:\Users\PC\Desktop\bai bao cao ben mindx\SDK_1.0.3_NUCLEO-F401RE\lib_stm\libLibraries.a(ucg_dev_default_cb.o)
                0x0000000008000edc                ucg_ext_none
 .text.ucg_handle_st7735_l90fx
                0x0000000008000ef8       0xd8 C:\Users\PC\Desktop\bai bao cao ben mindx\SDK_1.0.3_NUCLEO-F401RE\lib_stm\libLibraries.a(ucg_dev_ic_st7735.o)
                0x0000000008000ef8                ucg_handle_st7735_l90fx
 .text.ucg_handle_st7735_l90se
                0x0000000008000fd0      0x154 C:\Users\PC\Desktop\bai bao cao ben mindx\SDK_1.0.3_NUCLEO-F401RE\lib_stm\libLibraries.a(ucg_dev_ic_st7735.o)
                0x0000000008000fd0                ucg_handle_st7735_l90se
 .text.ucg_dev_ic_st7735_18
                0x0000000008001124       0xf8 C:\Users\PC\Desktop\bai bao cao ben mindx\SDK_1.0.3_NUCLEO-F401RE\lib_stm\libLibraries.a(ucg_dev_ic_st7735.o)
                0x0000000008001124                ucg_dev_ic_st7735_18
 .text.ucg_ext_st7735_18
                0x000000000800121c       0x28 C:\Users\PC\Desktop\bai bao cao ben mindx\SDK_1.0.3_NUCLEO-F401RE\lib_stm\libLibraries.a(ucg_dev_ic_st7735.o)
                0x000000000800121c                ucg_ext_st7735_18
 .text.ucg_PowerDown
                0x0000000008001244       0x34 C:\Users\PC\Desktop\bai bao cao ben mindx\SDK_1.0.3_NUCLEO-F401RE\lib_stm\libLibraries.a(ucg_dev_msg_api.o)
                0x0000000008001244                ucg_PowerDown
 .text.ucg_PowerUp
                0x0000000008001278       0x3c C:\Users\PC\Desktop\bai bao cao ben mindx\SDK_1.0.3_NUCLEO-F401RE\lib_stm\libLibraries.a(ucg_dev_msg_api.o)
                0x0000000008001278                ucg_PowerUp
 .text.ucg_SetClipBox
                0x00000000080012b4       0x1e C:\Users\PC\Desktop\bai bao cao ben mindx\SDK_1.0.3_NUCLEO-F401RE\lib_stm\libLibraries.a(ucg_dev_msg_api.o)
                0x00000000080012b4                ucg_SetClipBox
 .text.ucg_SetMaxClipRange
                0x00000000080012d2       0x30 C:\Users\PC\Desktop\bai bao cao ben mindx\SDK_1.0.3_NUCLEO-F401RE\lib_stm\libLibraries.a(ucg_dev_msg_api.o)
                0x00000000080012d2                ucg_SetMaxClipRange
 .text.ucg_GetDimension
                0x0000000008001302       0x24 C:\Users\PC\Desktop\bai bao cao ben mindx\SDK_1.0.3_NUCLEO-F401RE\lib_stm\libLibraries.a(ucg_dev_msg_api.o)
                0x0000000008001302                ucg_GetDimension
 .text.ucg_DrawL90FXWithArg
                0x0000000008001326       0x1e C:\Users\PC\Desktop\bai bao cao ben mindx\SDK_1.0.3_NUCLEO-F401RE\lib_stm\libLibraries.a(ucg_dev_msg_api.o)
                0x0000000008001326                ucg_DrawL90FXWithArg
 .text.ucg_dev_st7735_18x128x128
                0x0000000008001344       0x80 C:\Users\PC\Desktop\bai bao cao ben mindx\SDK_1.0.3_NUCLEO-F401RE\lib_stm\libLibraries.a(ucg_dev_tft_128x128_st7735.o)
                0x0000000008001344                ucg_dev_st7735_18x128x128
 .text.ucg_font_get_byte
                0x00000000080013c4       0x24 C:\Users\PC\Desktop\bai bao cao ben mindx\SDK_1.0.3_NUCLEO-F401RE\lib_stm\libLibraries.a(ucg_font.o)
 .text.ucg_font_get_word
                0x00000000080013e8       0x40 C:\Users\PC\Desktop\bai bao cao ben mindx\SDK_1.0.3_NUCLEO-F401RE\lib_stm\libLibraries.a(ucg_font.o)
 .text.ucg_read_font_info
                0x0000000008001428      0x142 C:\Users\PC\Desktop\bai bao cao ben mindx\SDK_1.0.3_NUCLEO-F401RE\lib_stm\libLibraries.a(ucg_font.o)
                0x0000000008001428                ucg_read_font_info
 .text.ucg_font_decode_get_unsigned_bits
                0x000000000800156a       0x96 C:\Users\PC\Desktop\bai bao cao ben mindx\SDK_1.0.3_NUCLEO-F401RE\lib_stm\libLibraries.a(ucg_font.o)
                0x000000000800156a                ucg_font_decode_get_unsigned_bits
 .text.ucg_font_decode_get_signed_bits
                0x0000000008001600       0x46 C:\Users\PC\Desktop\bai bao cao ben mindx\SDK_1.0.3_NUCLEO-F401RE\lib_stm\libLibraries.a(ucg_font.o)
                0x0000000008001600                ucg_font_decode_get_signed_bits
 .text.ucg_add_vector_y
                0x0000000008001646       0x7a C:\Users\PC\Desktop\bai bao cao ben mindx\SDK_1.0.3_NUCLEO-F401RE\lib_stm\libLibraries.a(ucg_font.o)
 .text.ucg_add_vector_x
                0x00000000080016c0       0x7a C:\Users\PC\Desktop\bai bao cao ben mindx\SDK_1.0.3_NUCLEO-F401RE\lib_stm\libLibraries.a(ucg_font.o)
 .text.ucg_font_decode_len
                0x000000000800173a      0x118 C:\Users\PC\Desktop\bai bao cao ben mindx\SDK_1.0.3_NUCLEO-F401RE\lib_stm\libLibraries.a(ucg_font.o)
                0x000000000800173a                ucg_font_decode_len
 .text.ucg_font_setup_decode
                0x0000000008001852       0x64 C:\Users\PC\Desktop\bai bao cao ben mindx\SDK_1.0.3_NUCLEO-F401RE\lib_stm\libLibraries.a(ucg_font.o)
 .text.ucg_font_decode_glyph
                0x00000000080018b6      0x14c C:\Users\PC\Desktop\bai bao cao ben mindx\SDK_1.0.3_NUCLEO-F401RE\lib_stm\libLibraries.a(ucg_font.o)
                0x00000000080018b6                ucg_font_decode_glyph
 .text.ucg_font_get_glyph_data
                0x0000000008001a02       0x7a C:\Users\PC\Desktop\bai bao cao ben mindx\SDK_1.0.3_NUCLEO-F401RE\lib_stm\libLibraries.a(ucg_font.o)
                0x0000000008001a02                ucg_font_get_glyph_data
 .text.ucg_font_draw_glyph
                0x0000000008001a7c       0x62 C:\Users\PC\Desktop\bai bao cao ben mindx\SDK_1.0.3_NUCLEO-F401RE\lib_stm\libLibraries.a(ucg_font.o)
                0x0000000008001a7c                ucg_font_draw_glyph
 .text.ucg_SetFontMode
                0x0000000008001ade       0x20 C:\Users\PC\Desktop\bai bao cao ben mindx\SDK_1.0.3_NUCLEO-F401RE\lib_stm\libLibraries.a(ucg_font.o)
                0x0000000008001ade                ucg_SetFontMode
 *fill*         0x0000000008001afe        0x2 
 .text.ucg_DrawGlyph
                0x0000000008001b00       0xb0 C:\Users\PC\Desktop\bai bao cao ben mindx\SDK_1.0.3_NUCLEO-F401RE\lib_stm\libLibraries.a(ucg_font.o)
                0x0000000008001b00                ucg_DrawGlyph
 .text.task_drawString
                0x0000000008001bb0      0x138 C:\Users\PC\Desktop\bai bao cao ben mindx\SDK_1.0.3_NUCLEO-F401RE\lib_stm\libLibraries.a(ucg_font.o)
                0x0000000008001bb0                task_drawString
 .text.ucg_DrawString
                0x0000000008001ce8       0x78 C:\Users\PC\Desktop\bai bao cao ben mindx\SDK_1.0.3_NUCLEO-F401RE\lib_stm\libLibraries.a(ucg_font.o)
                0x0000000008001ce8                ucg_DrawString
 .text.ucg_UpdateRefHeight
                0x0000000008001d60       0xd8 C:\Users\PC\Desktop\bai bao cao ben mindx\SDK_1.0.3_NUCLEO-F401RE\lib_stm\libLibraries.a(ucg_font.o)
                0x0000000008001d60                ucg_UpdateRefHeight
 .text.ucg_font_calc_vref_font
                0x0000000008001e38       0x16 C:\Users\PC\Desktop\bai bao cao ben mindx\SDK_1.0.3_NUCLEO-F401RE\lib_stm\libLibraries.a(ucg_font.o)
                0x0000000008001e38                ucg_font_calc_vref_font
 *fill*         0x0000000008001e4e        0x2 
 .text.ucg_SetFontPosBaseline
                0x0000000008001e50       0x20 C:\Users\PC\Desktop\bai bao cao ben mindx\SDK_1.0.3_NUCLEO-F401RE\lib_stm\libLibraries.a(ucg_font.o)
                0x0000000008001e50                ucg_SetFontPosBaseline
 .text.ucg_SetFont
                0x0000000008001e70       0x4c C:\Users\PC\Desktop\bai bao cao ben mindx\SDK_1.0.3_NUCLEO-F401RE\lib_stm\libLibraries.a(ucg_font.o)
                0x0000000008001e70                ucg_SetFont
 .text.ucg_init_struct
                0x0000000008001ebc       0x50 C:\Users\PC\Desktop\bai bao cao ben mindx\SDK_1.0.3_NUCLEO-F401RE\lib_stm\libLibraries.a(ucg_init.o)
                0x0000000008001ebc                ucg_init_struct
 .text.ucg_Init
                0x0000000008001f0c       0x5c C:\Users\PC\Desktop\bai bao cao ben mindx\SDK_1.0.3_NUCLEO-F401RE\lib_stm\libLibraries.a(ucg_init.o)
                0x0000000008001f0c                ucg_Init
 .text.ucg_Draw90Line
                0x0000000008001f68       0x88 C:\Users\PC\Desktop\bai bao cao ben mindx\SDK_1.0.3_NUCLEO-F401RE\lib_stm\libLibraries.a(ucg_line.o)
                0x0000000008001f68                ucg_Draw90Line
 .text.ucg_DrawHLine
                0x0000000008001ff0       0x3e C:\Users\PC\Desktop\bai bao cao ben mindx\SDK_1.0.3_NUCLEO-F401RE\lib_stm\libLibraries.a(ucg_line.o)
                0x0000000008001ff0                ucg_DrawHLine
 .text.ucg_SetColor
                0x000000000800202e       0x5c C:\Users\PC\Desktop\bai bao cao ben mindx\SDK_1.0.3_NUCLEO-F401RE\lib_stm\libLibraries.a(ucg_pixel.o)
                0x000000000800202e                ucg_SetColor
 .text.ucg_UndoRotate
                0x000000000800208a       0x32 C:\Users\PC\Desktop\bai bao cao ben mindx\SDK_1.0.3_NUCLEO-F401RE\lib_stm\libLibraries.a(ucg_rotate.o)
                0x000000000800208a                ucg_UndoRotate
 .text.ucg_rotate_180_xy
                0x00000000080020bc       0x66 C:\Users\PC\Desktop\bai bao cao ben mindx\SDK_1.0.3_NUCLEO-F401RE\lib_stm\libLibraries.a(ucg_rotate.o)
 *fill*         0x0000000008002122        0x2 
 .text.ucg_dev_rotate180
                0x0000000008002124      0x100 C:\Users\PC\Desktop\bai bao cao ben mindx\SDK_1.0.3_NUCLEO-F401RE\lib_stm\libLibraries.a(ucg_rotate.o)
                0x0000000008002124                ucg_dev_rotate180
 .text.ucg_SetRotate180
                0x0000000008002224       0x34 C:\Users\PC\Desktop\bai bao cao ben mindx\SDK_1.0.3_NUCLEO-F401RE\lib_stm\libLibraries.a(ucg_rotate.o)
                0x0000000008002224                ucg_SetRotate180
 .text.bufInit  0x0000000008002258       0x36 C:\Users\PC\Desktop\bai bao cao ben mindx\SDK_1.0.3_NUCLEO-F401RE\lib_stm\libLibraries.a(buff.o)
                0x0000000008002258                bufInit
 .text.bufNumItems
                0x000000000800228e       0x18 C:\Users\PC\Desktop\bai bao cao ben mindx\SDK_1.0.3_NUCLEO-F401RE\lib_stm\libLibraries.a(buff.o)
                0x000000000800228e                bufNumItems
 .text.bufIsFull
                0x00000000080022a6       0x26 C:\Users\PC\Desktop\bai bao cao ben mindx\SDK_1.0.3_NUCLEO-F401RE\lib_stm\libLibraries.a(buff.o)
                0x00000000080022a6                bufIsFull
 .text.bufIsEmpty
                0x00000000080022cc       0x26 C:\Users\PC\Desktop\bai bao cao ben mindx\SDK_1.0.3_NUCLEO-F401RE\lib_stm\libLibraries.a(buff.o)
                0x00000000080022cc                bufIsEmpty
 .text.bufFlush
                0x00000000080022f2       0x32 C:\Users\PC\Desktop\bai bao cao ben mindx\SDK_1.0.3_NUCLEO-F401RE\lib_stm\libLibraries.a(buff.o)
                0x00000000080022f2                bufFlush
 .text.bufEnDat
                0x0000000008002324       0x9c C:\Users\PC\Desktop\bai bao cao ben mindx\SDK_1.0.3_NUCLEO-F401RE\lib_stm\libLibraries.a(buff.o)
                0x0000000008002324                bufEnDat
 .text.bufDeDat
                0x00000000080023c0       0x84 C:\Users\PC\Desktop\bai bao cao ben mindx\SDK_1.0.3_NUCLEO-F401RE\lib_stm\libLibraries.a(buff.o)
                0x00000000080023c0                bufDeDat
 .text.memsetl  0x0000000008002444       0x32 C:\Users\PC\Desktop\bai bao cao ben mindx\SDK_1.0.3_NUCLEO-F401RE\lib_stm\libLibraries.a(utilities.o)
                0x0000000008002444                memsetl
 .text.GPIO_Init
                0x0000000008002476      0x11c C:\Users\PC\Desktop\bai bao cao ben mindx\SDK_1.0.3_NUCLEO-F401RE\lib_stm\libLibraries.a(stm32f401re_gpio.o)
                0x0000000008002476                GPIO_Init
 .text.GPIO_WriteBit
                0x0000000008002592       0x30 C:\Users\PC\Desktop\bai bao cao ben mindx\SDK_1.0.3_NUCLEO-F401RE\lib_stm\libLibraries.a(stm32f401re_gpio.o)
                0x0000000008002592                GPIO_WriteBit
 *fill*         0x00000000080025c2        0x2 
 .text.RCC_GetClocksFreq
                0x00000000080025c4      0x150 C:\Users\PC\Desktop\bai bao cao ben mindx\SDK_1.0.3_NUCLEO-F401RE\lib_stm\libLibraries.a(stm32f401re_rcc.o)
                0x00000000080025c4                RCC_GetClocksFreq
 .text.RCC_AHB1PeriphClockCmd
                0x0000000008002714       0x40 C:\Users\PC\Desktop\bai bao cao ben mindx\SDK_1.0.3_NUCLEO-F401RE\lib_stm\libLibraries.a(stm32f401re_rcc.o)
                0x0000000008002714                RCC_AHB1PeriphClockCmd
 .text.ucg_clip_is_x_visible
                0x0000000008002754       0x4a C:\Users\PC\Desktop\bai bao cao ben mindx\SDK_1.0.3_NUCLEO-F401RE\lib_stm\libLibraries.a(ucg_clip.o)
 .text.ucg_clip_is_y_visible
                0x000000000800279e       0x4a C:\Users\PC\Desktop\bai bao cao ben mindx\SDK_1.0.3_NUCLEO-F401RE\lib_stm\libLibraries.a(ucg_clip.o)
 .text.ucg_clip_intersection
                0x00000000080027e8       0x74 C:\Users\PC\Desktop\bai bao cao ben mindx\SDK_1.0.3_NUCLEO-F401RE\lib_stm\libLibraries.a(ucg_clip.o)
 .text.ucg_clip_is_pixel_visible
                0x000000000800285c       0x32 C:\Users\PC\Desktop\bai bao cao ben mindx\SDK_1.0.3_NUCLEO-F401RE\lib_stm\libLibraries.a(ucg_clip.o)
                0x000000000800285c                ucg_clip_is_pixel_visible
 *fill*         0x000000000800288e        0x2 
 .text.ucg_clip_l90fx
                0x0000000008002890      0x300 C:\Users\PC\Desktop\bai bao cao ben mindx\SDK_1.0.3_NUCLEO-F401RE\lib_stm\libLibraries.a(ucg_clip.o)
                0x0000000008002890                ucg_clip_l90fx
 .text.ucg_clip_l90se
                0x0000000008002b90       0x54 C:\Users\PC\Desktop\bai bao cao ben mindx\SDK_1.0.3_NUCLEO-F401RE\lib_stm\libLibraries.a(ucg_clip.o)
                0x0000000008002b90                ucg_clip_l90se
 .text.ucg_com_PowerDown
                0x0000000008002be4       0x3e C:\Users\PC\Desktop\bai bao cao ben mindx\SDK_1.0.3_NUCLEO-F401RE\lib_stm\libLibraries.a(ucg_com_msg_api.o)
                0x0000000008002be4                ucg_com_PowerDown
 .text.ucg_com_PowerUp
                0x0000000008002c22       0x60 C:\Users\PC\Desktop\bai bao cao ben mindx\SDK_1.0.3_NUCLEO-F401RE\lib_stm\libLibraries.a(ucg_com_msg_api.o)
                0x0000000008002c22                ucg_com_PowerUp
 .text.ucg_com_SetLineStatus
                0x0000000008002c82       0xe2 C:\Users\PC\Desktop\bai bao cao ben mindx\SDK_1.0.3_NUCLEO-F401RE\lib_stm\libLibraries.a(ucg_com_msg_api.o)
                0x0000000008002c82                ucg_com_SetLineStatus
 .text.ucg_com_SetResetLineStatus
                0x0000000008002d64       0x20 C:\Users\PC\Desktop\bai bao cao ben mindx\SDK_1.0.3_NUCLEO-F401RE\lib_stm\libLibraries.a(ucg_com_msg_api.o)
                0x0000000008002d64                ucg_com_SetResetLineStatus
 .text.ucg_com_SetCSLineStatus
                0x0000000008002d84       0x20 C:\Users\PC\Desktop\bai bao cao ben mindx\SDK_1.0.3_NUCLEO-F401RE\lib_stm\libLibraries.a(ucg_com_msg_api.o)
                0x0000000008002d84                ucg_com_SetCSLineStatus
 .text.ucg_com_SetCDLineStatus
                0x0000000008002da4       0x20 C:\Users\PC\Desktop\bai bao cao ben mindx\SDK_1.0.3_NUCLEO-F401RE\lib_stm\libLibraries.a(ucg_com_msg_api.o)
                0x0000000008002da4                ucg_com_SetCDLineStatus
 .text.ucg_com_DelayMicroseconds
                0x0000000008002dc4       0x22 C:\Users\PC\Desktop\bai bao cao ben mindx\SDK_1.0.3_NUCLEO-F401RE\lib_stm\libLibraries.a(ucg_com_msg_api.o)
                0x0000000008002dc4                ucg_com_DelayMicroseconds
 .text.ucg_com_DelayMilliseconds
                0x0000000008002de6       0x2c C:\Users\PC\Desktop\bai bao cao ben mindx\SDK_1.0.3_NUCLEO-F401RE\lib_stm\libLibraries.a(ucg_com_msg_api.o)
                0x0000000008002de6                ucg_com_DelayMilliseconds
 .text.ucg_com_SendByte
                0x0000000008002e12       0x24 C:\Users\PC\Desktop\bai bao cao ben mindx\SDK_1.0.3_NUCLEO-F401RE\lib_stm\libLibraries.a(ucg_com_msg_api.o)
                0x0000000008002e12                ucg_com_SendByte
 .text.ucg_com_SendStringP
                0x0000000008002e36       0x40 C:\Users\PC\Desktop\bai bao cao ben mindx\SDK_1.0.3_NUCLEO-F401RE\lib_stm\libLibraries.a(ucg_com_msg_api.o)
                0x0000000008002e36                ucg_com_SendStringP
 .text.ucg_com_SendCmdArg
                0x0000000008002e76       0x74 C:\Users\PC\Desktop\bai bao cao ben mindx\SDK_1.0.3_NUCLEO-F401RE\lib_stm\libLibraries.a(ucg_com_msg_api.o)
 *fill*         0x0000000008002eea        0x2 
 .text.ucg_com_SendCmdSeq
                0x0000000008002eec      0x278 C:\Users\PC\Desktop\bai bao cao ben mindx\SDK_1.0.3_NUCLEO-F401RE\lib_stm\libLibraries.a(ucg_com_msg_api.o)
                0x0000000008002eec                ucg_com_SendCmdSeq
 .text.__libc_init_array
                0x0000000008003164       0x48 c:/st/stm32cubeide_1.7.0/stm32cubeide/plugins/com.st.stm32cube.ide.mcu.externaltools.gnu-tools-for-stm32.9-2020-q2-update.win32_2.0.0.202105311346/tools/bin/../lib/gcc/arm-none-eabi/9.3.1/../../../../arm-none-eabi/lib/thumb/v7e-m+fp/hard\libc_nano.a(lib_a-init.o)
                0x0000000008003164                __libc_init_array
 *(.glue_7)
 .glue_7        0x00000000080031ac        0x0 linker stubs
 *(.glue_7t)
 .glue_7t       0x00000000080031ac        0x0 linker stubs
 *(.eh_frame)
 .eh_frame      0x00000000080031ac        0x0 c:/st/stm32cubeide_1.7.0/stm32cubeide/plugins/com.st.stm32cube.ide.mcu.externaltools.gnu-tools-for-stm32.9-2020-q2-update.win32_2.0.0.202105311346/tools/bin/../lib/gcc/arm-none-eabi/9.3.1/thumb/v7e-m+fp/hard/crtbegin.o
 *(.init)
 .init          0x00000000080031ac        0x4 c:/st/stm32cubeide_1.7.0/stm32cubeide/plugins/com.st.stm32cube.ide.mcu.externaltools.gnu-tools-for-stm32.9-2020-q2-update.win32_2.0.0.202105311346/tools/bin/../lib/gcc/arm-none-eabi/9.3.1/thumb/v7e-m+fp/hard/crti.o
                0x00000000080031ac                _init
 .init          0x00000000080031b0        0x8 c:/st/stm32cubeide_1.7.0/stm32cubeide/plugins/com.st.stm32cube.ide.mcu.externaltools.gnu-tools-for-stm32.9-2020-q2-update.win32_2.0.0.202105311346/tools/bin/../lib/gcc/arm-none-eabi/9.3.1/thumb/v7e-m+fp/hard/crtn.o
 *(.fini)
 .fini          0x00000000080031b8        0x4 c:/st/stm32cubeide_1.7.0/stm32cubeide/plugins/com.st.stm32cube.ide.mcu.externaltools.gnu-tools-for-stm32.9-2020-q2-update.win32_2.0.0.202105311346/tools/bin/../lib/gcc/arm-none-eabi/9.3.1/thumb/v7e-m+fp/hard/crti.o
                0x00000000080031b8                _fini
 .fini          0x00000000080031bc        0x8 c:/st/stm32cubeide_1.7.0/stm32cubeide/plugins/com.st.stm32cube.ide.mcu.externaltools.gnu-tools-for-stm32.9-2020-q2-update.win32_2.0.0.202105311346/tools/bin/../lib/gcc/arm-none-eabi/9.3.1/thumb/v7e-m+fp/hard/crtn.o
                0x00000000080031c4                . = ALIGN (0x4)
                0x00000000080031c4                _etext = .

.vfp11_veneer   0x00000000080031c4        0x0
 .vfp11_veneer  0x00000000080031c4        0x0 linker stubs

.v4_bx          0x00000000080031c4        0x0
 .v4_bx         0x00000000080031c4        0x0 linker stubs

.iplt           0x00000000080031c4        0x0
 .iplt          0x00000000080031c4        0x0 c:/st/stm32cubeide_1.7.0/stm32cubeide/plugins/com.st.stm32cube.ide.mcu.externaltools.gnu-tools-for-stm32.9-2020-q2-update.win32_2.0.0.202105311346/tools/bin/../lib/gcc/arm-none-eabi/9.3.1/thumb/v7e-m+fp/hard/crtbegin.o

.rodata         0x00000000080031c4      0x998
                0x00000000080031c4                . = ALIGN (0x4)
 *(.rodata)
 .rodata        0x00000000080031c4       0x1c ./Src/main.o
 .rodata        0x00000000080031e0        0xf C:\Users\PC\Desktop\bai bao cao ben mindx\SDK_1.0.3_NUCLEO-F401RE\lib_stm\libLibraries.a(ucg_font.o)
 *(.rodata*)
 *fill*         0x00000000080031ef        0x1 
 .rodata.ucg_st7735_set_pos_seq
                0x00000000080031f0       0x1e C:\Users\PC\Desktop\bai bao cao ben mindx\SDK_1.0.3_NUCLEO-F401RE\lib_stm\libLibraries.a(ucg_dev_ic_st7735.o)
                0x00000000080031f0                ucg_st7735_set_pos_seq
 *fill*         0x000000000800320e        0x2 
 .rodata.ucg_st7735_set_pos_dir0_seq
                0x0000000008003210       0x1e C:\Users\PC\Desktop\bai bao cao ben mindx\SDK_1.0.3_NUCLEO-F401RE\lib_stm\libLibraries.a(ucg_dev_ic_st7735.o)
                0x0000000008003210                ucg_st7735_set_pos_dir0_seq
 *fill*         0x000000000800322e        0x2 
 .rodata.ucg_st7735_set_pos_dir1_seq
                0x0000000008003230       0x21 C:\Users\PC\Desktop\bai bao cao ben mindx\SDK_1.0.3_NUCLEO-F401RE\lib_stm\libLibraries.a(ucg_dev_ic_st7735.o)
                0x0000000008003230                ucg_st7735_set_pos_dir1_seq
 *fill*         0x0000000008003251        0x3 
 .rodata.ucg_st7735_set_pos_dir2_seq
                0x0000000008003254       0x21 C:\Users\PC\Desktop\bai bao cao ben mindx\SDK_1.0.3_NUCLEO-F401RE\lib_stm\libLibraries.a(ucg_dev_ic_st7735.o)
                0x0000000008003254                ucg_st7735_set_pos_dir2_seq
 *fill*         0x0000000008003275        0x3 
 .rodata.ucg_st7735_set_pos_dir3_seq
                0x0000000008003278       0x24 C:\Users\PC\Desktop\bai bao cao ben mindx\SDK_1.0.3_NUCLEO-F401RE\lib_stm\libLibraries.a(ucg_dev_ic_st7735.o)
                0x0000000008003278                ucg_st7735_set_pos_dir3_seq
 .rodata.ucg_st7735_power_down_seq
                0x000000000800329c        0x7 C:\Users\PC\Desktop\bai bao cao ben mindx\SDK_1.0.3_NUCLEO-F401RE\lib_stm\libLibraries.a(ucg_dev_ic_st7735.o)
 *fill*         0x00000000080032a3        0x1 
 .rodata.ucg_tft_128x160_st7735_init_seq
                0x00000000080032a4       0x2c C:\Users\PC\Desktop\bai bao cao ben mindx\SDK_1.0.3_NUCLEO-F401RE\lib_stm\libLibraries.a(ucg_dev_tft_128x128_st7735.o)
 .rodata.ucg_font_helvR08_tf
                0x00000000080032d0      0x88b C:\Users\PC\Desktop\bai bao cao ben mindx\SDK_1.0.3_NUCLEO-F401RE\lib_stm\libLibraries.a(ucg_pixel_font_data.o)
                0x00000000080032d0                ucg_font_helvR08_tf
                0x0000000008003b5c                . = ALIGN (0x4)
 *fill*         0x0000000008003b5b        0x1 

.rel.dyn        0x0000000008003b5c        0x0
 .rel.iplt      0x0000000008003b5c        0x0 c:/st/stm32cubeide_1.7.0/stm32cubeide/plugins/com.st.stm32cube.ide.mcu.externaltools.gnu-tools-for-stm32.9-2020-q2-update.win32_2.0.0.202105311346/tools/bin/../lib/gcc/arm-none-eabi/9.3.1/thumb/v7e-m+fp/hard/crtbegin.o

.ARM.extab      0x0000000008003b5c        0x0
                0x0000000008003b5c                . = ALIGN (0x4)
 *(.ARM.extab* .gnu.linkonce.armextab.*)
                0x0000000008003b5c                . = ALIGN (0x4)

.ARM            0x0000000008003b5c        0x0
                0x0000000008003b5c                . = ALIGN (0x4)
                0x0000000008003b5c                __exidx_start = .
 *(.ARM.exidx*)
                0x0000000008003b5c                __exidx_end = .
                0x0000000008003b5c                . = ALIGN (0x4)

.preinit_array  0x0000000008003b5c        0x0
                0x0000000008003b5c                . = ALIGN (0x4)
                0x0000000008003b5c                PROVIDE (__preinit_array_start = .)
 *(.preinit_array*)
                0x0000000008003b5c                PROVIDE (__preinit_array_end = .)
                0x0000000008003b5c                . = ALIGN (0x4)

.init_array     0x0000000008003b5c        0x4
                0x0000000008003b5c                . = ALIGN (0x4)
                0x0000000008003b5c                PROVIDE (__init_array_start = .)
 *(SORT_BY_NAME(.init_array.*))
 *(.init_array*)
 .init_array    0x0000000008003b5c        0x4 c:/st/stm32cubeide_1.7.0/stm32cubeide/plugins/com.st.stm32cube.ide.mcu.externaltools.gnu-tools-for-stm32.9-2020-q2-update.win32_2.0.0.202105311346/tools/bin/../lib/gcc/arm-none-eabi/9.3.1/thumb/v7e-m+fp/hard/crtbegin.o
                0x0000000008003b60                PROVIDE (__init_array_end = .)
                0x0000000008003b60                . = ALIGN (0x4)

.fini_array     0x0000000008003b60        0x4
                0x0000000008003b60                . = ALIGN (0x4)
                [!provide]                        PROVIDE (__fini_array_start = .)
 *(SORT_BY_NAME(.fini_array.*))
 *(.fini_array*)
 .fini_array    0x0000000008003b60        0x4 c:/st/stm32cubeide_1.7.0/stm32cubeide/plugins/com.st.stm32cube.ide.mcu.externaltools.gnu-tools-for-stm32.9-2020-q2-update.win32_2.0.0.202105311346/tools/bin/../lib/gcc/arm-none-eabi/9.3.1/thumb/v7e-m+fp/hard/crtbegin.o
                [!provide]                        PROVIDE (__fini_array_end = .)
                0x0000000008003b64                . = ALIGN (0x4)
                0x0000000008003b64                _sidata = LOADADDR (.data)

.data           0x0000000020000000       0x28 load address 0x0000000008003b64
                0x0000000020000000                . = ALIGN (0x4)
                0x0000000020000000                _sdata = .
 *(.data)
 *(.data*)
 .data.SystemCoreClock
                0x0000000020000000        0x4 C:\Users\PC\Desktop\bai bao cao ben mindx\SDK_1.0.3_NUCLEO-F401RE\lib_stm\libLibraries.a(system_stm32f4xx.o)
                0x0000000020000000                SystemCoreClock
 .data.AHBPrescTable
                0x0000000020000004       0x10 C:\Users\PC\Desktop\bai bao cao ben mindx\SDK_1.0.3_NUCLEO-F401RE\lib_stm\libLibraries.a(system_stm32f4xx.o)
                0x0000000020000004                AHBPrescTable
 .data.idTaskScanDecodeLen
                0x0000000020000014        0x1 C:\Users\PC\Desktop\bai bao cao ben mindx\SDK_1.0.3_NUCLEO-F401RE\lib_stm\libLibraries.a(ucg_font.o)
 *fill*         0x0000000020000015        0x3 
 .data.APBAHBPrescTable
                0x0000000020000018       0x10 C:\Users\PC\Desktop\bai bao cao ben mindx\SDK_1.0.3_NUCLEO-F401RE\lib_stm\libLibraries.a(stm32f401re_rcc.o)
 *(.RamFunc)
 *(.RamFunc*)
                0x0000000020000028                . = ALIGN (0x4)
                0x0000000020000028                _edata = .

.igot.plt       0x0000000020000028        0x0 load address 0x0000000008003b8c
 .igot.plt      0x0000000020000028        0x0 c:/st/stm32cubeide_1.7.0/stm32cubeide/plugins/com.st.stm32cube.ide.mcu.externaltools.gnu-tools-for-stm32.9-2020-q2-update.win32_2.0.0.202105311346/tools/bin/../lib/gcc/arm-none-eabi/9.3.1/thumb/v7e-m+fp/hard/crtbegin.o
                0x0000000020000028                . = ALIGN (0x4)

.bss            0x0000000020000028     0x1274 load address 0x0000000008003b8c
                0x0000000020000028                _sbss = .
                0x0000000020000028                __bss_start__ = _sbss
 *(.bss)
 .bss           0x0000000020000028       0x1c c:/st/stm32cubeide_1.7.0/stm32cubeide/plugins/com.st.stm32cube.ide.mcu.externaltools.gnu-tools-for-stm32.9-2020-q2-update.win32_2.0.0.202105311346/tools/bin/../lib/gcc/arm-none-eabi/9.3.1/thumb/v7e-m+fp/hard/crtbegin.o
 *(.bss*)
 .bss.ucg       0x0000000020000044       0xb4 ./Src/main.o
 .bss.g_pTimerHandle
                0x00000000200000f8      0x180 C:\Users\PC\Desktop\bai bao cao ben mindx\SDK_1.0.3_NUCLEO-F401RE\lib_stm\libLibraries.a(timer.o)
 .bss.g_wMilSecTickTimer
                0x0000000020000278        0x4 C:\Users\PC\Desktop\bai bao cao ben mindx\SDK_1.0.3_NUCLEO-F401RE\lib_stm\libLibraries.a(timer.o)
 .bss.fontQueue
                0x000000002000027c       0x10 C:\Users\PC\Desktop\bai bao cao ben mindx\SDK_1.0.3_NUCLEO-F401RE\lib_stm\libLibraries.a(ucg_font.o)
 .bss.pQueueFont
                0x000000002000028c     0x1000 C:\Users\PC\Desktop\bai bao cao ben mindx\SDK_1.0.3_NUCLEO-F401RE\lib_stm\libLibraries.a(ucg_font.o)
 .bss.next.7562
                0x000000002000128c        0x1 C:\Users\PC\Desktop\bai bao cao ben mindx\SDK_1.0.3_NUCLEO-F401RE\lib_stm\libLibraries.a(ucg_font.o)
 *(COMMON)
 *fill*         0x000000002000128d        0x3 
 COMMON         0x0000000020001290        0xc C:\Users\PC\Desktop\bai bao cao ben mindx\SDK_1.0.3_NUCLEO-F401RE\lib_stm\libLibraries.a(ucg_font.o)
                0x0000000020001290                ucg_draw_str
                0x000000002000129c                . = ALIGN (0x4)
                0x000000002000129c                _ebss = .
                0x000000002000129c                __bss_end__ = _ebss

._user_heap_stack
                0x000000002000129c      0x604 load address 0x0000000008003b8c
                0x00000000200012a0                . = ALIGN (0x8)
 *fill*         0x000000002000129c        0x4 
                [!provide]                        PROVIDE (end = .)
                0x00000000200012a0                PROVIDE (_end = .)
                0x00000000200014a0                . = (. + _Min_Heap_Size)
 *fill*         0x00000000200012a0      0x200 
                0x00000000200018a0                . = (. + _Min_Stack_Size)
 *fill*         0x00000000200014a0      0x400 
                0x00000000200018a0                . = ALIGN (0x8)

/DISCARD/
 libc.a(*)
 libm.a(*)
 libgcc.a(*)

.ARM.attributes
                0x0000000000000000       0x30
 *(.ARM.attributes)
 .ARM.attributes
                0x0000000000000000       0x1e c:/st/stm32cubeide_1.7.0/stm32cubeide/plugins/com.st.stm32cube.ide.mcu.externaltools.gnu-tools-for-stm32.9-2020-q2-update.win32_2.0.0.202105311346/tools/bin/../lib/gcc/arm-none-eabi/9.3.1/thumb/v7e-m+fp/hard/crti.o
 .ARM.attributes
                0x000000000000001e       0x34 c:/st/stm32cubeide_1.7.0/stm32cubeide/plugins/com.st.stm32cube.ide.mcu.externaltools.gnu-tools-for-stm32.9-2020-q2-update.win32_2.0.0.202105311346/tools/bin/../lib/gcc/arm-none-eabi/9.3.1/thumb/v7e-m+fp/hard/crtbegin.o
 .ARM.attributes
                0x0000000000000052       0x34 ./Src/main.o
 .ARM.attributes
                0x0000000000000086       0x21 ./Startup/startup_stm32f401retx.o
 .ARM.attributes
                0x00000000000000a7       0x39 C:\Users\PC\Desktop\bai bao cao ben mindx\SDK_1.0.3_NUCLEO-F401RE\lib_stm\libLibraries.a(system_stm32f4xx.o)
 .ARM.attributes
                0x00000000000000e0       0x39 C:\Users\PC\Desktop\bai bao cao ben mindx\SDK_1.0.3_NUCLEO-F401RE\lib_stm\libLibraries.a(timer.o)
 .ARM.attributes
                0x0000000000000119       0x39 C:\Users\PC\Desktop\bai bao cao ben mindx\SDK_1.0.3_NUCLEO-F401RE\lib_stm\libLibraries.a(Ucglib.o)
 .ARM.attributes
                0x0000000000000152       0x39 C:\Users\PC\Desktop\bai bao cao ben mindx\SDK_1.0.3_NUCLEO-F401RE\lib_stm\libLibraries.a(ucg_box.o)
 .ARM.attributes
                0x000000000000018b       0x39 C:\Users\PC\Desktop\bai bao cao ben mindx\SDK_1.0.3_NUCLEO-F401RE\lib_stm\libLibraries.a(ucg_ccs.o)
 .ARM.attributes
                0x00000000000001c4       0x39 C:\Users\PC\Desktop\bai bao cao ben mindx\SDK_1.0.3_NUCLEO-F401RE\lib_stm\libLibraries.a(ucg_dev_default_cb.o)
 .ARM.attributes
                0x00000000000001fd       0x39 C:\Users\PC\Desktop\bai bao cao ben mindx\SDK_1.0.3_NUCLEO-F401RE\lib_stm\libLibraries.a(ucg_dev_ic_st7735.o)
 .ARM.attributes
                0x0000000000000236       0x39 C:\Users\PC\Desktop\bai bao cao ben mindx\SDK_1.0.3_NUCLEO-F401RE\lib_stm\libLibraries.a(ucg_dev_msg_api.o)
 .ARM.attributes
                0x000000000000026f       0x39 C:\Users\PC\Desktop\bai bao cao ben mindx\SDK_1.0.3_NUCLEO-F401RE\lib_stm\libLibraries.a(ucg_dev_tft_128x128_st7735.o)
 .ARM.attributes
                0x00000000000002a8       0x39 C:\Users\PC\Desktop\bai bao cao ben mindx\SDK_1.0.3_NUCLEO-F401RE\lib_stm\libLibraries.a(ucg_font.o)
 .ARM.attributes
                0x00000000000002e1       0x39 C:\Users\PC\Desktop\bai bao cao ben mindx\SDK_1.0.3_NUCLEO-F401RE\lib_stm\libLibraries.a(ucg_init.o)
 .ARM.attributes
                0x000000000000031a       0x39 C:\Users\PC\Desktop\bai bao cao ben mindx\SDK_1.0.3_NUCLEO-F401RE\lib_stm\libLibraries.a(ucg_line.o)
 .ARM.attributes
                0x0000000000000353       0x39 C:\Users\PC\Desktop\bai bao cao ben mindx\SDK_1.0.3_NUCLEO-F401RE\lib_stm\libLibraries.a(ucg_pixel.o)
 .ARM.attributes
                0x000000000000038c       0x39 C:\Users\PC\Desktop\bai bao cao ben mindx\SDK_1.0.3_NUCLEO-F401RE\lib_stm\libLibraries.a(ucg_pixel_font_data.o)
 .ARM.attributes
                0x00000000000003c5       0x39 C:\Users\PC\Desktop\bai bao cao ben mindx\SDK_1.0.3_NUCLEO-F401RE\lib_stm\libLibraries.a(ucg_rotate.o)
 .ARM.attributes
                0x00000000000003fe       0x39 C:\Users\PC\Desktop\bai bao cao ben mindx\SDK_1.0.3_NUCLEO-F401RE\lib_stm\libLibraries.a(buff.o)
 .ARM.attributes
                0x0000000000000437       0x39 C:\Users\PC\Desktop\bai bao cao ben mindx\SDK_1.0.3_NUCLEO-F401RE\lib_stm\libLibraries.a(utilities.o)
 .ARM.attributes
                0x0000000000000470       0x39 C:\Users\PC\Desktop\bai bao cao ben mindx\SDK_1.0.3_NUCLEO-F401RE\lib_stm\libLibraries.a(stm32f401re_gpio.o)
 .ARM.attributes
                0x00000000000004a9       0x39 C:\Users\PC\Desktop\bai bao cao ben mindx\SDK_1.0.3_NUCLEO-F401RE\lib_stm\libLibraries.a(stm32f401re_rcc.o)
 .ARM.attributes
                0x00000000000004e2       0x39 C:\Users\PC\Desktop\bai bao cao ben mindx\SDK_1.0.3_NUCLEO-F401RE\lib_stm\libLibraries.a(ucg_clip.o)
 .ARM.attributes
                0x000000000000051b       0x39 C:\Users\PC\Desktop\bai bao cao ben mindx\SDK_1.0.3_NUCLEO-F401RE\lib_stm\libLibraries.a(ucg_com_msg_api.o)
 .ARM.attributes
                0x0000000000000554       0x34 c:/st/stm32cubeide_1.7.0/stm32cubeide/plugins/com.st.stm32cube.ide.mcu.externaltools.gnu-tools-for-stm32.9-2020-q2-update.win32_2.0.0.202105311346/tools/bin/../lib/gcc/arm-none-eabi/9.3.1/../../../../arm-none-eabi/lib/thumb/v7e-m+fp/hard\libc_nano.a(lib_a-init.o)
 .ARM.attributes
                0x0000000000000588       0x1e c:/st/stm32cubeide_1.7.0/stm32cubeide/plugins/com.st.stm32cube.ide.mcu.externaltools.gnu-tools-for-stm32.9-2020-q2-update.win32_2.0.0.202105311346/tools/bin/../lib/gcc/arm-none-eabi/9.3.1/thumb/v7e-m+fp/hard/crtn.o
OUTPUT(baitapbuoi1_2.elf elf32-littlearm)
LOAD linker stubs
LOAD c:/st/stm32cubeide_1.7.0/stm32cubeide/plugins/com.st.stm32cube.ide.mcu.externaltools.gnu-tools-for-stm32.9-2020-q2-update.win32_2.0.0.202105311346/tools/bin/../lib/gcc/arm-none-eabi/9.3.1/../../../../arm-none-eabi/lib/thumb/v7e-m+fp/hard\libc.a
LOAD c:/st/stm32cubeide_1.7.0/stm32cubeide/plugins/com.st.stm32cube.ide.mcu.externaltools.gnu-tools-for-stm32.9-2020-q2-update.win32_2.0.0.202105311346/tools/bin/../lib/gcc/arm-none-eabi/9.3.1/../../../../arm-none-eabi/lib/thumb/v7e-m+fp/hard\libm.a
LOAD c:/st/stm32cubeide_1.7.0/stm32cubeide/plugins/com.st.stm32cube.ide.mcu.externaltools.gnu-tools-for-stm32.9-2020-q2-update.win32_2.0.0.202105311346/tools/bin/../lib/gcc/arm-none-eabi/9.3.1/thumb/v7e-m+fp/hard\libgcc.a

.debug_info     0x0000000000000000    0x36e1f
 .debug_info    0x0000000000000000     0x33dd ./Src/main.o
 .debug_info    0x00000000000033dd       0x22 ./Startup/startup_stm32f401retx.o
 .debug_info    0x00000000000033ff      0x5bb C:\Users\PC\Desktop\bai bao cao ben mindx\SDK_1.0.3_NUCLEO-F401RE\lib_stm\libLibraries.a(system_stm32f4xx.o)
 .debug_info    0x00000000000039ba      0x922 C:\Users\PC\Desktop\bai bao cao ben mindx\SDK_1.0.3_NUCLEO-F401RE\lib_stm\libLibraries.a(timer.o)
 .debug_info    0x00000000000042dc     0x333f C:\Users\PC\Desktop\bai bao cao ben mindx\SDK_1.0.3_NUCLEO-F401RE\lib_stm\libLibraries.a(Ucglib.o)
 .debug_info    0x000000000000761b     0x329d C:\Users\PC\Desktop\bai bao cao ben mindx\SDK_1.0.3_NUCLEO-F401RE\lib_stm\libLibraries.a(ucg_box.o)
 .debug_info    0x000000000000a8b8     0x2b08 C:\Users\PC\Desktop\bai bao cao ben mindx\SDK_1.0.3_NUCLEO-F401RE\lib_stm\libLibraries.a(ucg_ccs.o)
 .debug_info    0x000000000000d3c0     0x324b C:\Users\PC\Desktop\bai bao cao ben mindx\SDK_1.0.3_NUCLEO-F401RE\lib_stm\libLibraries.a(ucg_dev_default_cb.o)
 .debug_info    0x000000000001060b     0x3272 C:\Users\PC\Desktop\bai bao cao ben mindx\SDK_1.0.3_NUCLEO-F401RE\lib_stm\libLibraries.a(ucg_dev_ic_st7735.o)
 .debug_info    0x000000000001387d     0x3178 C:\Users\PC\Desktop\bai bao cao ben mindx\SDK_1.0.3_NUCLEO-F401RE\lib_stm\libLibraries.a(ucg_dev_msg_api.o)
 .debug_info    0x00000000000169f5     0x303e C:\Users\PC\Desktop\bai bao cao ben mindx\SDK_1.0.3_NUCLEO-F401RE\lib_stm\libLibraries.a(ucg_dev_tft_128x128_st7735.o)
 .debug_info    0x0000000000019a33     0x43ab C:\Users\PC\Desktop\bai bao cao ben mindx\SDK_1.0.3_NUCLEO-F401RE\lib_stm\libLibraries.a(ucg_font.o)
 .debug_info    0x000000000001ddde     0x3856 C:\Users\PC\Desktop\bai bao cao ben mindx\SDK_1.0.3_NUCLEO-F401RE\lib_stm\libLibraries.a(ucg_init.o)
 .debug_info    0x0000000000021634     0x3222 C:\Users\PC\Desktop\bai bao cao ben mindx\SDK_1.0.3_NUCLEO-F401RE\lib_stm\libLibraries.a(ucg_line.o)
 .debug_info    0x0000000000024856     0x3056 C:\Users\PC\Desktop\bai bao cao ben mindx\SDK_1.0.3_NUCLEO-F401RE\lib_stm\libLibraries.a(ucg_pixel.o)
 .debug_info    0x00000000000278ac     0x43df C:\Users\PC\Desktop\bai bao cao ben mindx\SDK_1.0.3_NUCLEO-F401RE\lib_stm\libLibraries.a(ucg_pixel_font_data.o)
 .debug_info    0x000000000002bc8b     0x3231 C:\Users\PC\Desktop\bai bao cao ben mindx\SDK_1.0.3_NUCLEO-F401RE\lib_stm\libLibraries.a(ucg_rotate.o)
 .debug_info    0x000000000002eebc      0x339 C:\Users\PC\Desktop\bai bao cao ben mindx\SDK_1.0.3_NUCLEO-F401RE\lib_stm\libLibraries.a(buff.o)
 .debug_info    0x000000000002f1f5      0x2bd C:\Users\PC\Desktop\bai bao cao ben mindx\SDK_1.0.3_NUCLEO-F401RE\lib_stm\libLibraries.a(utilities.o)
 .debug_info    0x000000000002f4b2      0x62b C:\Users\PC\Desktop\bai bao cao ben mindx\SDK_1.0.3_NUCLEO-F401RE\lib_stm\libLibraries.a(stm32f401re_gpio.o)
 .debug_info    0x000000000002fadd      0xd5e C:\Users\PC\Desktop\bai bao cao ben mindx\SDK_1.0.3_NUCLEO-F401RE\lib_stm\libLibraries.a(stm32f401re_rcc.o)
 .debug_info    0x000000000003083b     0x315a C:\Users\PC\Desktop\bai bao cao ben mindx\SDK_1.0.3_NUCLEO-F401RE\lib_stm\libLibraries.a(ucg_clip.o)
 .debug_info    0x0000000000033995     0x348a C:\Users\PC\Desktop\bai bao cao ben mindx\SDK_1.0.3_NUCLEO-F401RE\lib_stm\libLibraries.a(ucg_com_msg_api.o)

.debug_abbrev   0x0000000000000000     0x22b4
 .debug_abbrev  0x0000000000000000      0x160 ./Src/main.o
 .debug_abbrev  0x0000000000000160       0x12 ./Startup/startup_stm32f401retx.o
 .debug_abbrev  0x0000000000000172      0x138 C:\Users\PC\Desktop\bai bao cao ben mindx\SDK_1.0.3_NUCLEO-F401RE\lib_stm\libLibraries.a(system_stm32f4xx.o)
 .debug_abbrev  0x00000000000002aa      0x29a C:\Users\PC\Desktop\bai bao cao ben mindx\SDK_1.0.3_NUCLEO-F401RE\lib_stm\libLibraries.a(timer.o)
 .debug_abbrev  0x0000000000000544      0x202 C:\Users\PC\Desktop\bai bao cao ben mindx\SDK_1.0.3_NUCLEO-F401RE\lib_stm\libLibraries.a(Ucglib.o)
 .debug_abbrev  0x0000000000000746      0x18b C:\Users\PC\Desktop\bai bao cao ben mindx\SDK_1.0.3_NUCLEO-F401RE\lib_stm\libLibraries.a(ucg_box.o)
 .debug_abbrev  0x00000000000008d1       0xf5 C:\Users\PC\Desktop\bai bao cao ben mindx\SDK_1.0.3_NUCLEO-F401RE\lib_stm\libLibraries.a(ucg_ccs.o)
 .debug_abbrev  0x00000000000009c6      0x19e C:\Users\PC\Desktop\bai bao cao ben mindx\SDK_1.0.3_NUCLEO-F401RE\lib_stm\libLibraries.a(ucg_dev_default_cb.o)
 .debug_abbrev  0x0000000000000b64      0x1dc C:\Users\PC\Desktop\bai bao cao ben mindx\SDK_1.0.3_NUCLEO-F401RE\lib_stm\libLibraries.a(ucg_dev_ic_st7735.o)
 .debug_abbrev  0x0000000000000d40      0x191 C:\Users\PC\Desktop\bai bao cao ben mindx\SDK_1.0.3_NUCLEO-F401RE\lib_stm\libLibraries.a(ucg_dev_msg_api.o)
 .debug_abbrev  0x0000000000000ed1      0x14e C:\Users\PC\Desktop\bai bao cao ben mindx\SDK_1.0.3_NUCLEO-F401RE\lib_stm\libLibraries.a(ucg_dev_tft_128x128_st7735.o)
 .debug_abbrev  0x000000000000101f      0x2fc C:\Users\PC\Desktop\bai bao cao ben mindx\SDK_1.0.3_NUCLEO-F401RE\lib_stm\libLibraries.a(ucg_font.o)
 .debug_abbrev  0x000000000000131b      0x1c6 C:\Users\PC\Desktop\bai bao cao ben mindx\SDK_1.0.3_NUCLEO-F401RE\lib_stm\libLibraries.a(ucg_init.o)
 .debug_abbrev  0x00000000000014e1      0x175 C:\Users\PC\Desktop\bai bao cao ben mindx\SDK_1.0.3_NUCLEO-F401RE\lib_stm\libLibraries.a(ucg_line.o)
 .debug_abbrev  0x0000000000001656      0x148 C:\Users\PC\Desktop\bai bao cao ben mindx\SDK_1.0.3_NUCLEO-F401RE\lib_stm\libLibraries.a(ucg_pixel.o)
 .debug_abbrev  0x000000000000179e       0x83 C:\Users\PC\Desktop\bai bao cao ben mindx\SDK_1.0.3_NUCLEO-F401RE\lib_stm\libLibraries.a(ucg_pixel_font_data.o)
 .debug_abbrev  0x0000000000001821      0x1a3 C:\Users\PC\Desktop\bai bao cao ben mindx\SDK_1.0.3_NUCLEO-F401RE\lib_stm\libLibraries.a(ucg_rotate.o)
 .debug_abbrev  0x00000000000019c4      0x12a C:\Users\PC\Desktop\bai bao cao ben mindx\SDK_1.0.3_NUCLEO-F401RE\lib_stm\libLibraries.a(buff.o)
 .debug_abbrev  0x0000000000001aee       0xce C:\Users\PC\Desktop\bai bao cao ben mindx\SDK_1.0.3_NUCLEO-F401RE\lib_stm\libLibraries.a(utilities.o)
 .debug_abbrev  0x0000000000001bbc      0x1bf C:\Users\PC\Desktop\bai bao cao ben mindx\SDK_1.0.3_NUCLEO-F401RE\lib_stm\libLibraries.a(stm32f401re_gpio.o)
 .debug_abbrev  0x0000000000001d7b      0x1d4 C:\Users\PC\Desktop\bai bao cao ben mindx\SDK_1.0.3_NUCLEO-F401RE\lib_stm\libLibraries.a(stm32f401re_rcc.o)
 .debug_abbrev  0x0000000000001f4f      0x173 C:\Users\PC\Desktop\bai bao cao ben mindx\SDK_1.0.3_NUCLEO-F401RE\lib_stm\libLibraries.a(ucg_clip.o)
 .debug_abbrev  0x00000000000020c2      0x1f2 C:\Users\PC\Desktop\bai bao cao ben mindx\SDK_1.0.3_NUCLEO-F401RE\lib_stm\libLibraries.a(ucg_com_msg_api.o)

.debug_aranges  0x0000000000000000      0x8d8
 .debug_aranges
                0x0000000000000000       0x20 ./Src/main.o
 .debug_aranges
                0x0000000000000020       0x28 ./Startup/startup_stm32f401retx.o
 .debug_aranges
                0x0000000000000048       0x30 C:\Users\PC\Desktop\bai bao cao ben mindx\SDK_1.0.3_NUCLEO-F401RE\lib_stm\libLibraries.a(system_stm32f4xx.o)
 .debug_aranges
                0x0000000000000078       0x70 C:\Users\PC\Desktop\bai bao cao ben mindx\SDK_1.0.3_NUCLEO-F401RE\lib_stm\libLibraries.a(timer.o)
 .debug_aranges
                0x00000000000000e8       0x48 C:\Users\PC\Desktop\bai bao cao ben mindx\SDK_1.0.3_NUCLEO-F401RE\lib_stm\libLibraries.a(Ucglib.o)
 .debug_aranges
                0x0000000000000130       0x48 C:\Users\PC\Desktop\bai bao cao ben mindx\SDK_1.0.3_NUCLEO-F401RE\lib_stm\libLibraries.a(ucg_box.o)
 .debug_aranges
                0x0000000000000178       0x30 C:\Users\PC\Desktop\bai bao cao ben mindx\SDK_1.0.3_NUCLEO-F401RE\lib_stm\libLibraries.a(ucg_ccs.o)
 .debug_aranges
                0x00000000000001a8       0x48 C:\Users\PC\Desktop\bai bao cao ben mindx\SDK_1.0.3_NUCLEO-F401RE\lib_stm\libLibraries.a(ucg_dev_default_cb.o)
 .debug_aranges
                0x00000000000001f0       0x40 C:\Users\PC\Desktop\bai bao cao ben mindx\SDK_1.0.3_NUCLEO-F401RE\lib_stm\libLibraries.a(ucg_dev_ic_st7735.o)
 .debug_aranges
                0x0000000000000230       0x60 C:\Users\PC\Desktop\bai bao cao ben mindx\SDK_1.0.3_NUCLEO-F401RE\lib_stm\libLibraries.a(ucg_dev_msg_api.o)
 .debug_aranges
                0x0000000000000290       0x20 C:\Users\PC\Desktop\bai bao cao ben mindx\SDK_1.0.3_NUCLEO-F401RE\lib_stm\libLibraries.a(ucg_dev_tft_128x128_st7735.o)
 .debug_aranges
                0x00000000000002b0      0x168 C:\Users\PC\Desktop\bai bao cao ben mindx\SDK_1.0.3_NUCLEO-F401RE\lib_stm\libLibraries.a(ucg_font.o)
 .debug_aranges
                0x0000000000000418       0x28 C:\Users\PC\Desktop\bai bao cao ben mindx\SDK_1.0.3_NUCLEO-F401RE\lib_stm\libLibraries.a(ucg_init.o)
 .debug_aranges
                0x0000000000000440       0x48 C:\Users\PC\Desktop\bai bao cao ben mindx\SDK_1.0.3_NUCLEO-F401RE\lib_stm\libLibraries.a(ucg_line.o)
 .debug_aranges
                0x0000000000000488       0x28 C:\Users\PC\Desktop\bai bao cao ben mindx\SDK_1.0.3_NUCLEO-F401RE\lib_stm\libLibraries.a(ucg_pixel.o)
 .debug_aranges
                0x00000000000004b0       0x18 C:\Users\PC\Desktop\bai bao cao ben mindx\SDK_1.0.3_NUCLEO-F401RE\lib_stm\libLibraries.a(ucg_pixel_font_data.o)
 .debug_aranges
                0x00000000000004c8       0x68 C:\Users\PC\Desktop\bai bao cao ben mindx\SDK_1.0.3_NUCLEO-F401RE\lib_stm\libLibraries.a(ucg_rotate.o)
 .debug_aranges
                0x0000000000000530       0x50 C:\Users\PC\Desktop\bai bao cao ben mindx\SDK_1.0.3_NUCLEO-F401RE\lib_stm\libLibraries.a(buff.o)
 .debug_aranges
                0x0000000000000580       0x48 C:\Users\PC\Desktop\bai bao cao ben mindx\SDK_1.0.3_NUCLEO-F401RE\lib_stm\libLibraries.a(utilities.o)
 .debug_aranges
                0x00000000000005c8       0x88 C:\Users\PC\Desktop\bai bao cao ben mindx\SDK_1.0.3_NUCLEO-F401RE\lib_stm\libLibraries.a(stm32f401re_gpio.o)
 .debug_aranges
                0x0000000000000650      0x198 C:\Users\PC\Desktop\bai bao cao ben mindx\SDK_1.0.3_NUCLEO-F401RE\lib_stm\libLibraries.a(stm32f401re_rcc.o)
 .debug_aranges
                0x00000000000007e8       0x50 C:\Users\PC\Desktop\bai bao cao ben mindx\SDK_1.0.3_NUCLEO-F401RE\lib_stm\libLibraries.a(ucg_clip.o)
 .debug_aranges
                0x0000000000000838       0xa0 C:\Users\PC\Desktop\bai bao cao ben mindx\SDK_1.0.3_NUCLEO-F401RE\lib_stm\libLibraries.a(ucg_com_msg_api.o)

.debug_ranges   0x0000000000000000      0x768
 .debug_ranges  0x0000000000000000       0x10 ./Src/main.o
 .debug_ranges  0x0000000000000010       0x20 ./Startup/startup_stm32f401retx.o
 .debug_ranges  0x0000000000000030       0x20 C:\Users\PC\Desktop\bai bao cao ben mindx\SDK_1.0.3_NUCLEO-F401RE\lib_stm\libLibraries.a(system_stm32f4xx.o)
 .debug_ranges  0x0000000000000050       0x60 C:\Users\PC\Desktop\bai bao cao ben mindx\SDK_1.0.3_NUCLEO-F401RE\lib_stm\libLibraries.a(timer.o)
 .debug_ranges  0x00000000000000b0       0x38 C:\Users\PC\Desktop\bai bao cao ben mindx\SDK_1.0.3_NUCLEO-F401RE\lib_stm\libLibraries.a(Ucglib.o)
 .debug_ranges  0x00000000000000e8       0x38 C:\Users\PC\Desktop\bai bao cao ben mindx\SDK_1.0.3_NUCLEO-F401RE\lib_stm\libLibraries.a(ucg_box.o)
 .debug_ranges  0x0000000000000120       0x20 C:\Users\PC\Desktop\bai bao cao ben mindx\SDK_1.0.3_NUCLEO-F401RE\lib_stm\libLibraries.a(ucg_ccs.o)
 .debug_ranges  0x0000000000000140       0x38 C:\Users\PC\Desktop\bai bao cao ben mindx\SDK_1.0.3_NUCLEO-F401RE\lib_stm\libLibraries.a(ucg_dev_default_cb.o)
 .debug_ranges  0x0000000000000178       0x30 C:\Users\PC\Desktop\bai bao cao ben mindx\SDK_1.0.3_NUCLEO-F401RE\lib_stm\libLibraries.a(ucg_dev_ic_st7735.o)
 .debug_ranges  0x00000000000001a8       0x50 C:\Users\PC\Desktop\bai bao cao ben mindx\SDK_1.0.3_NUCLEO-F401RE\lib_stm\libLibraries.a(ucg_dev_msg_api.o)
 .debug_ranges  0x00000000000001f8       0x10 C:\Users\PC\Desktop\bai bao cao ben mindx\SDK_1.0.3_NUCLEO-F401RE\lib_stm\libLibraries.a(ucg_dev_tft_128x128_st7735.o)
 .debug_ranges  0x0000000000000208      0x158 C:\Users\PC\Desktop\bai bao cao ben mindx\SDK_1.0.3_NUCLEO-F401RE\lib_stm\libLibraries.a(ucg_font.o)
 .debug_ranges  0x0000000000000360       0x18 C:\Users\PC\Desktop\bai bao cao ben mindx\SDK_1.0.3_NUCLEO-F401RE\lib_stm\libLibraries.a(ucg_init.o)
 .debug_ranges  0x0000000000000378       0x38 C:\Users\PC\Desktop\bai bao cao ben mindx\SDK_1.0.3_NUCLEO-F401RE\lib_stm\libLibraries.a(ucg_line.o)
 .debug_ranges  0x00000000000003b0       0x18 C:\Users\PC\Desktop\bai bao cao ben mindx\SDK_1.0.3_NUCLEO-F401RE\lib_stm\libLibraries.a(ucg_pixel.o)
 .debug_ranges  0x00000000000003c8       0x58 C:\Users\PC\Desktop\bai bao cao ben mindx\SDK_1.0.3_NUCLEO-F401RE\lib_stm\libLibraries.a(ucg_rotate.o)
 .debug_ranges  0x0000000000000420       0x40 C:\Users\PC\Desktop\bai bao cao ben mindx\SDK_1.0.3_NUCLEO-F401RE\lib_stm\libLibraries.a(buff.o)
 .debug_ranges  0x0000000000000460       0x38 C:\Users\PC\Desktop\bai bao cao ben mindx\SDK_1.0.3_NUCLEO-F401RE\lib_stm\libLibraries.a(utilities.o)
 .debug_ranges  0x0000000000000498       0x78 C:\Users\PC\Desktop\bai bao cao ben mindx\SDK_1.0.3_NUCLEO-F401RE\lib_stm\libLibraries.a(stm32f401re_gpio.o)
 .debug_ranges  0x0000000000000510      0x188 C:\Users\PC\Desktop\bai bao cao ben mindx\SDK_1.0.3_NUCLEO-F401RE\lib_stm\libLibraries.a(stm32f401re_rcc.o)
 .debug_ranges  0x0000000000000698       0x40 C:\Users\PC\Desktop\bai bao cao ben mindx\SDK_1.0.3_NUCLEO-F401RE\lib_stm\libLibraries.a(ucg_clip.o)
 .debug_ranges  0x00000000000006d8       0x90 C:\Users\PC\Desktop\bai bao cao ben mindx\SDK_1.0.3_NUCLEO-F401RE\lib_stm\libLibraries.a(ucg_com_msg_api.o)

.debug_macro    0x0000000000000000     0xd978
 .debug_macro   0x0000000000000000       0x8e ./Src/main.o
 .debug_macro   0x000000000000008e      0xab4 ./Src/main.o
 .debug_macro   0x0000000000000b42       0x22 ./Src/main.o
 .debug_macro   0x0000000000000b64       0x8e ./Src/main.o
 .debug_macro   0x0000000000000bf2       0x51 ./Src/main.o
 .debug_macro   0x0000000000000c43      0x103 ./Src/main.o
 .debug_macro   0x0000000000000d46       0x6a ./Src/main.o
 .debug_macro   0x0000000000000db0      0x1df ./Src/main.o
 .debug_macro   0x0000000000000f8f       0x22 ./Src/main.o
 .debug_macro   0x0000000000000fb1      0x174 ./Src/main.o
 .debug_macro   0x0000000000001125      0x301 ./Src/main.o
 .debug_macro   0x0000000000001426       0xce C:\Users\PC\Desktop\bai bao cao ben mindx\SDK_1.0.3_NUCLEO-F401RE\lib_stm\libLibraries.a(system_stm32f4xx.o)
 .debug_macro   0x00000000000014f4      0xa66 C:\Users\PC\Desktop\bai bao cao ben mindx\SDK_1.0.3_NUCLEO-F401RE\lib_stm\libLibraries.a(system_stm32f4xx.o)
 .debug_macro   0x0000000000001f5a       0x6b C:\Users\PC\Desktop\bai bao cao ben mindx\SDK_1.0.3_NUCLEO-F401RE\lib_stm\libLibraries.a(system_stm32f4xx.o)
 .debug_macro   0x0000000000001fc5       0x3b C:\Users\PC\Desktop\bai bao cao ben mindx\SDK_1.0.3_NUCLEO-F401RE\lib_stm\libLibraries.a(system_stm32f4xx.o)
 .debug_macro   0x0000000000002000       0x22 C:\Users\PC\Desktop\bai bao cao ben mindx\SDK_1.0.3_NUCLEO-F401RE\lib_stm\libLibraries.a(system_stm32f4xx.o)
 .debug_macro   0x0000000000002022       0xef C:\Users\PC\Desktop\bai bao cao ben mindx\SDK_1.0.3_NUCLEO-F401RE\lib_stm\libLibraries.a(system_stm32f4xx.o)
 .debug_macro   0x0000000000002111       0x34 C:\Users\PC\Desktop\bai bao cao ben mindx\SDK_1.0.3_NUCLEO-F401RE\lib_stm\libLibraries.a(system_stm32f4xx.o)
 .debug_macro   0x0000000000002145       0x26 C:\Users\PC\Desktop\bai bao cao ben mindx\SDK_1.0.3_NUCLEO-F401RE\lib_stm\libLibraries.a(system_stm32f4xx.o)
 .debug_macro   0x000000000000216b      0xe43 C:\Users\PC\Desktop\bai bao cao ben mindx\SDK_1.0.3_NUCLEO-F401RE\lib_stm\libLibraries.a(system_stm32f4xx.o)
 .debug_macro   0x0000000000002fae     0x8018 C:\Users\PC\Desktop\bai bao cao ben mindx\SDK_1.0.3_NUCLEO-F401RE\lib_stm\libLibraries.a(system_stm32f4xx.o)
 .debug_macro   0x000000000000afc6       0xe3 C:\Users\PC\Desktop\bai bao cao ben mindx\SDK_1.0.3_NUCLEO-F401RE\lib_stm\libLibraries.a(timer.o)
 .debug_macro   0x000000000000b0a9       0x1c C:\Users\PC\Desktop\bai bao cao ben mindx\SDK_1.0.3_NUCLEO-F401RE\lib_stm\libLibraries.a(timer.o)
 .debug_macro   0x000000000000b0c5      0x644 C:\Users\PC\Desktop\bai bao cao ben mindx\SDK_1.0.3_NUCLEO-F401RE\lib_stm\libLibraries.a(timer.o)
 .debug_macro   0x000000000000b709       0x16 C:\Users\PC\Desktop\bai bao cao ben mindx\SDK_1.0.3_NUCLEO-F401RE\lib_stm\libLibraries.a(timer.o)
 .debug_macro   0x000000000000b71f      0x141 C:\Users\PC\Desktop\bai bao cao ben mindx\SDK_1.0.3_NUCLEO-F401RE\lib_stm\libLibraries.a(Ucglib.o)
 .debug_macro   0x000000000000b860      0x174 C:\Users\PC\Desktop\bai bao cao ben mindx\SDK_1.0.3_NUCLEO-F401RE\lib_stm\libLibraries.a(Ucglib.o)
 .debug_macro   0x000000000000b9d4      0x2f4 C:\Users\PC\Desktop\bai bao cao ben mindx\SDK_1.0.3_NUCLEO-F401RE\lib_stm\libLibraries.a(Ucglib.o)
 .debug_macro   0x000000000000bcc8       0x84 C:\Users\PC\Desktop\bai bao cao ben mindx\SDK_1.0.3_NUCLEO-F401RE\lib_stm\libLibraries.a(ucg_box.o)
 .debug_macro   0x000000000000bd4c       0x84 C:\Users\PC\Desktop\bai bao cao ben mindx\SDK_1.0.3_NUCLEO-F401RE\lib_stm\libLibraries.a(ucg_ccs.o)
 .debug_macro   0x000000000000bdd0       0x84 C:\Users\PC\Desktop\bai bao cao ben mindx\SDK_1.0.3_NUCLEO-F401RE\lib_stm\libLibraries.a(ucg_dev_default_cb.o)
 .debug_macro   0x000000000000be54       0x84 C:\Users\PC\Desktop\bai bao cao ben mindx\SDK_1.0.3_NUCLEO-F401RE\lib_stm\libLibraries.a(ucg_dev_ic_st7735.o)
 .debug_macro   0x000000000000bed8       0x88 C:\Users\PC\Desktop\bai bao cao ben mindx\SDK_1.0.3_NUCLEO-F401RE\lib_stm\libLibraries.a(ucg_dev_msg_api.o)
 .debug_macro   0x000000000000bf60       0x84 C:\Users\PC\Desktop\bai bao cao ben mindx\SDK_1.0.3_NUCLEO-F401RE\lib_stm\libLibraries.a(ucg_dev_tft_128x128_st7735.o)
 .debug_macro   0x000000000000bfe4      0x15a C:\Users\PC\Desktop\bai bao cao ben mindx\SDK_1.0.3_NUCLEO-F401RE\lib_stm\libLibraries.a(ucg_font.o)
 .debug_macro   0x000000000000c13e       0x1c C:\Users\PC\Desktop\bai bao cao ben mindx\SDK_1.0.3_NUCLEO-F401RE\lib_stm\libLibraries.a(ucg_font.o)
 .debug_macro   0x000000000000c15a       0x46 C:\Users\PC\Desktop\bai bao cao ben mindx\SDK_1.0.3_NUCLEO-F401RE\lib_stm\libLibraries.a(ucg_font.o)
 .debug_macro   0x000000000000c1a0       0x18 C:\Users\PC\Desktop\bai bao cao ben mindx\SDK_1.0.3_NUCLEO-F401RE\lib_stm\libLibraries.a(ucg_font.o)
 .debug_macro   0x000000000000c1b8       0x3c C:\Users\PC\Desktop\bai bao cao ben mindx\SDK_1.0.3_NUCLEO-F401RE\lib_stm\libLibraries.a(ucg_font.o)
 .debug_macro   0x000000000000c1f4       0x52 C:\Users\PC\Desktop\bai bao cao ben mindx\SDK_1.0.3_NUCLEO-F401RE\lib_stm\libLibraries.a(ucg_font.o)
 .debug_macro   0x000000000000c246       0x1f C:\Users\PC\Desktop\bai bao cao ben mindx\SDK_1.0.3_NUCLEO-F401RE\lib_stm\libLibraries.a(ucg_font.o)
 .debug_macro   0x000000000000c265       0x43 C:\Users\PC\Desktop\bai bao cao ben mindx\SDK_1.0.3_NUCLEO-F401RE\lib_stm\libLibraries.a(ucg_font.o)
 .debug_macro   0x000000000000c2a8       0x20 C:\Users\PC\Desktop\bai bao cao ben mindx\SDK_1.0.3_NUCLEO-F401RE\lib_stm\libLibraries.a(ucg_font.o)
 .debug_macro   0x000000000000c2c8      0x1a3 C:\Users\PC\Desktop\bai bao cao ben mindx\SDK_1.0.3_NUCLEO-F401RE\lib_stm\libLibraries.a(ucg_font.o)
 .debug_macro   0x000000000000c46b      0x330 C:\Users\PC\Desktop\bai bao cao ben mindx\SDK_1.0.3_NUCLEO-F401RE\lib_stm\libLibraries.a(ucg_font.o)
 .debug_macro   0x000000000000c79b       0x10 C:\Users\PC\Desktop\bai bao cao ben mindx\SDK_1.0.3_NUCLEO-F401RE\lib_stm\libLibraries.a(ucg_font.o)
 .debug_macro   0x000000000000c7ab       0x35 C:\Users\PC\Desktop\bai bao cao ben mindx\SDK_1.0.3_NUCLEO-F401RE\lib_stm\libLibraries.a(ucg_font.o)
 .debug_macro   0x000000000000c7e0       0x20 C:\Users\PC\Desktop\bai bao cao ben mindx\SDK_1.0.3_NUCLEO-F401RE\lib_stm\libLibraries.a(ucg_font.o)
 .debug_macro   0x000000000000c800      0x145 C:\Users\PC\Desktop\bai bao cao ben mindx\SDK_1.0.3_NUCLEO-F401RE\lib_stm\libLibraries.a(ucg_init.o)
 .debug_macro   0x000000000000c945       0x84 C:\Users\PC\Desktop\bai bao cao ben mindx\SDK_1.0.3_NUCLEO-F401RE\lib_stm\libLibraries.a(ucg_line.o)
 .debug_macro   0x000000000000c9c9       0x84 C:\Users\PC\Desktop\bai bao cao ben mindx\SDK_1.0.3_NUCLEO-F401RE\lib_stm\libLibraries.a(ucg_pixel.o)
 .debug_macro   0x000000000000ca4d       0x84 C:\Users\PC\Desktop\bai bao cao ben mindx\SDK_1.0.3_NUCLEO-F401RE\lib_stm\libLibraries.a(ucg_pixel_font_data.o)
 .debug_macro   0x000000000000cad1       0xbd C:\Users\PC\Desktop\bai bao cao ben mindx\SDK_1.0.3_NUCLEO-F401RE\lib_stm\libLibraries.a(ucg_rotate.o)
 .debug_macro   0x000000000000cb8e       0xc2 C:\Users\PC\Desktop\bai bao cao ben mindx\SDK_1.0.3_NUCLEO-F401RE\lib_stm\libLibraries.a(buff.o)
 .debug_macro   0x000000000000cc50       0x16 C:\Users\PC\Desktop\bai bao cao ben mindx\SDK_1.0.3_NUCLEO-F401RE\lib_stm\libLibraries.a(buff.o)
 .debug_macro   0x000000000000cc66       0x72 C:\Users\PC\Desktop\bai bao cao ben mindx\SDK_1.0.3_NUCLEO-F401RE\lib_stm\libLibraries.a(utilities.o)
 .debug_macro   0x000000000000ccd8       0x10 C:\Users\PC\Desktop\bai bao cao ben mindx\SDK_1.0.3_NUCLEO-F401RE\lib_stm\libLibraries.a(utilities.o)
 .debug_macro   0x000000000000cce8       0xc3 C:\Users\PC\Desktop\bai bao cao ben mindx\SDK_1.0.3_NUCLEO-F401RE\lib_stm\libLibraries.a(stm32f401re_gpio.o)
 .debug_macro   0x000000000000cdab      0x2ee C:\Users\PC\Desktop\bai bao cao ben mindx\SDK_1.0.3_NUCLEO-F401RE\lib_stm\libLibraries.a(stm32f401re_gpio.o)
 .debug_macro   0x000000000000d099      0x64a C:\Users\PC\Desktop\bai bao cao ben mindx\SDK_1.0.3_NUCLEO-F401RE\lib_stm\libLibraries.a(stm32f401re_gpio.o)
 .debug_macro   0x000000000000d6e3      0x18d C:\Users\PC\Desktop\bai bao cao ben mindx\SDK_1.0.3_NUCLEO-F401RE\lib_stm\libLibraries.a(stm32f401re_rcc.o)
 .debug_macro   0x000000000000d870       0x84 C:\Users\PC\Desktop\bai bao cao ben mindx\SDK_1.0.3_NUCLEO-F401RE\lib_stm\libLibraries.a(ucg_clip.o)
 .debug_macro   0x000000000000d8f4       0x84 C:\Users\PC\Desktop\bai bao cao ben mindx\SDK_1.0.3_NUCLEO-F401RE\lib_stm\libLibraries.a(ucg_com_msg_api.o)

.debug_line     0x0000000000000000     0x75b6
 .debug_line    0x0000000000000000      0x469 ./Src/main.o
 .debug_line    0x0000000000000469       0x84 ./Startup/startup_stm32f401retx.o
 .debug_line    0x00000000000004ed      0x4a0 C:\Users\PC\Desktop\bai bao cao ben mindx\SDK_1.0.3_NUCLEO-F401RE\lib_stm\libLibraries.a(system_stm32f4xx.o)
 .debug_line    0x000000000000098d      0x684 C:\Users\PC\Desktop\bai bao cao ben mindx\SDK_1.0.3_NUCLEO-F401RE\lib_stm\libLibraries.a(timer.o)
 .debug_line    0x0000000000001011      0x5cd C:\Users\PC\Desktop\bai bao cao ben mindx\SDK_1.0.3_NUCLEO-F401RE\lib_stm\libLibraries.a(Ucglib.o)
 .debug_line    0x00000000000015de      0x4c6 C:\Users\PC\Desktop\bai bao cao ben mindx\SDK_1.0.3_NUCLEO-F401RE\lib_stm\libLibraries.a(ucg_box.o)
 .debug_line    0x0000000000001aa4      0x420 C:\Users\PC\Desktop\bai bao cao ben mindx\SDK_1.0.3_NUCLEO-F401RE\lib_stm\libLibraries.a(ucg_ccs.o)
 .debug_line    0x0000000000001ec4      0x521 C:\Users\PC\Desktop\bai bao cao ben mindx\SDK_1.0.3_NUCLEO-F401RE\lib_stm\libLibraries.a(ucg_dev_default_cb.o)
 .debug_line    0x00000000000023e5      0x512 C:\Users\PC\Desktop\bai bao cao ben mindx\SDK_1.0.3_NUCLEO-F401RE\lib_stm\libLibraries.a(ucg_dev_ic_st7735.o)
 .debug_line    0x00000000000028f7      0x48a C:\Users\PC\Desktop\bai bao cao ben mindx\SDK_1.0.3_NUCLEO-F401RE\lib_stm\libLibraries.a(ucg_dev_msg_api.o)
 .debug_line    0x0000000000002d81      0x403 C:\Users\PC\Desktop\bai bao cao ben mindx\SDK_1.0.3_NUCLEO-F401RE\lib_stm\libLibraries.a(ucg_dev_tft_128x128_st7735.o)
 .debug_line    0x0000000000003184      0x971 C:\Users\PC\Desktop\bai bao cao ben mindx\SDK_1.0.3_NUCLEO-F401RE\lib_stm\libLibraries.a(ucg_font.o)
 .debug_line    0x0000000000003af5      0x55c C:\Users\PC\Desktop\bai bao cao ben mindx\SDK_1.0.3_NUCLEO-F401RE\lib_stm\libLibraries.a(ucg_init.o)
 .debug_line    0x0000000000004051      0x498 C:\Users\PC\Desktop\bai bao cao ben mindx\SDK_1.0.3_NUCLEO-F401RE\lib_stm\libLibraries.a(ucg_line.o)
 .debug_line    0x00000000000044e9      0x400 C:\Users\PC\Desktop\bai bao cao ben mindx\SDK_1.0.3_NUCLEO-F401RE\lib_stm\libLibraries.a(ucg_pixel.o)
 .debug_line    0x00000000000048e9      0x3e1 C:\Users\PC\Desktop\bai bao cao ben mindx\SDK_1.0.3_NUCLEO-F401RE\lib_stm\libLibraries.a(ucg_pixel_font_data.o)
 .debug_line    0x0000000000004cca      0x5d4 C:\Users\PC\Desktop\bai bao cao ben mindx\SDK_1.0.3_NUCLEO-F401RE\lib_stm\libLibraries.a(ucg_rotate.o)
 .debug_line    0x000000000000529e      0x532 C:\Users\PC\Desktop\bai bao cao ben mindx\SDK_1.0.3_NUCLEO-F401RE\lib_stm\libLibraries.a(buff.o)
 .debug_line    0x00000000000057d0      0x46f C:\Users\PC\Desktop\bai bao cao ben mindx\SDK_1.0.3_NUCLEO-F401RE\lib_stm\libLibraries.a(utilities.o)
 .debug_line    0x0000000000005c3f      0x65e C:\Users\PC\Desktop\bai bao cao ben mindx\SDK_1.0.3_NUCLEO-F401RE\lib_stm\libLibraries.a(stm32f401re_gpio.o)
 .debug_line    0x000000000000629d      0x8d2 C:\Users\PC\Desktop\bai bao cao ben mindx\SDK_1.0.3_NUCLEO-F401RE\lib_stm\libLibraries.a(stm32f401re_rcc.o)
 .debug_line    0x0000000000006b6f      0x4c1 C:\Users\PC\Desktop\bai bao cao ben mindx\SDK_1.0.3_NUCLEO-F401RE\lib_stm\libLibraries.a(ucg_clip.o)
 .debug_line    0x0000000000007030      0x586 C:\Users\PC\Desktop\bai bao cao ben mindx\SDK_1.0.3_NUCLEO-F401RE\lib_stm\libLibraries.a(ucg_com_msg_api.o)

.debug_str      0x0000000000000000    0x45a9e
 .debug_str     0x0000000000000000     0x99f7 ./Src/main.o
                                       0x9cb2 (size before relaxing)
 .debug_str     0x00000000000099f7       0x31 ./Startup/startup_stm32f401retx.o
                                         0x7a (size before relaxing)
 .debug_str     0x0000000000009a28    0x31d9d C:\Users\PC\Desktop\bai bao cao ben mindx\SDK_1.0.3_NUCLEO-F401RE\lib_stm\libLibraries.a(system_stm32f4xx.o)
                                      0x3583e (size before relaxing)
 .debug_str     0x000000000003b7c5     0x3d76 C:\Users\PC\Desktop\bai bao cao ben mindx\SDK_1.0.3_NUCLEO-F401RE\lib_stm\libLibraries.a(timer.o)
                                      0x39451 (size before relaxing)
 .debug_str     0x000000000003f53b     0x1989 C:\Users\PC\Desktop\bai bao cao ben mindx\SDK_1.0.3_NUCLEO-F401RE\lib_stm\libLibraries.a(Ucglib.o)
                                      0x4067c (size before relaxing)
 .debug_str     0x0000000000040ec4       0x86 C:\Users\PC\Desktop\bai bao cao ben mindx\SDK_1.0.3_NUCLEO-F401RE\lib_stm\libLibraries.a(ucg_box.o)
                                       0x9c13 (size before relaxing)
 .debug_str     0x0000000000040f4a       0x48 C:\Users\PC\Desktop\bai bao cao ben mindx\SDK_1.0.3_NUCLEO-F401RE\lib_stm\libLibraries.a(ucg_ccs.o)
                                       0x97ef (size before relaxing)
 .debug_str     0x0000000000040f92       0xaf C:\Users\PC\Desktop\bai bao cao ben mindx\SDK_1.0.3_NUCLEO-F401RE\lib_stm\libLibraries.a(ucg_dev_default_cb.o)
                                       0x9c41 (size before relaxing)
 .debug_str     0x0000000000041041      0x135 C:\Users\PC\Desktop\bai bao cao ben mindx\SDK_1.0.3_NUCLEO-F401RE\lib_stm\libLibraries.a(ucg_dev_ic_st7735.o)
                                       0x9ce5 (size before relaxing)
 .debug_str     0x0000000000041176       0xce C:\Users\PC\Desktop\bai bao cao ben mindx\SDK_1.0.3_NUCLEO-F401RE\lib_stm\libLibraries.a(ucg_dev_msg_api.o)
                                       0x9c5b (size before relaxing)
 .debug_str     0x0000000000041244       0x68 C:\Users\PC\Desktop\bai bao cao ben mindx\SDK_1.0.3_NUCLEO-F401RE\lib_stm\libLibraries.a(ucg_dev_tft_128x128_st7735.o)
                                       0x9c0a (size before relaxing)
 .debug_str     0x00000000000412ac     0x343d C:\Users\PC\Desktop\bai bao cao ben mindx\SDK_1.0.3_NUCLEO-F401RE\lib_stm\libLibraries.a(ucg_font.o)
                                       0xd07e (size before relaxing)
 .debug_str     0x00000000000446e9       0x35 C:\Users\PC\Desktop\bai bao cao ben mindx\SDK_1.0.3_NUCLEO-F401RE\lib_stm\libLibraries.a(ucg_init.o)
                                       0xcb75 (size before relaxing)
 .debug_str     0x000000000004471e       0x8d C:\Users\PC\Desktop\bai bao cao ben mindx\SDK_1.0.3_NUCLEO-F401RE\lib_stm\libLibraries.a(ucg_line.o)
                                       0x9c1a (size before relaxing)
 .debug_str     0x00000000000447ab       0x38 C:\Users\PC\Desktop\bai bao cao ben mindx\SDK_1.0.3_NUCLEO-F401RE\lib_stm\libLibraries.a(ucg_pixel.o)
                                       0x9bc5 (size before relaxing)
 .debug_str     0x00000000000447e3       0x27 C:\Users\PC\Desktop\bai bao cao ben mindx\SDK_1.0.3_NUCLEO-F401RE\lib_stm\libLibraries.a(ucg_pixel_font_data.o)
                                       0x9785 (size before relaxing)
 .debug_str     0x000000000004480a      0x163 C:\Users\PC\Desktop\bai bao cao ben mindx\SDK_1.0.3_NUCLEO-F401RE\lib_stm\libLibraries.a(ucg_rotate.o)
                                       0x9fb3 (size before relaxing)
 .debug_str     0x000000000004496d       0x9f C:\Users\PC\Desktop\bai bao cao ben mindx\SDK_1.0.3_NUCLEO-F401RE\lib_stm\libLibraries.a(buff.o)
                                      0x35751 (size before relaxing)
 .debug_str     0x0000000000044a0c       0xb8 C:\Users\PC\Desktop\bai bao cao ben mindx\SDK_1.0.3_NUCLEO-F401RE\lib_stm\libLibraries.a(utilities.o)
                                       0x3d14 (size before relaxing)
 .debug_str     0x0000000000044ac4      0x19d C:\Users\PC\Desktop\bai bao cao ben mindx\SDK_1.0.3_NUCLEO-F401RE\lib_stm\libLibraries.a(stm32f401re_gpio.o)
                                      0x3a690 (size before relaxing)
 .debug_str     0x0000000000044c61      0xb83 C:\Users\PC\Desktop\bai bao cao ben mindx\SDK_1.0.3_NUCLEO-F401RE\lib_stm\libLibraries.a(stm32f401re_rcc.o)
                                      0x39aa1 (size before relaxing)
 .debug_str     0x00000000000457e4       0xa5 C:\Users\PC\Desktop\bai bao cao ben mindx\SDK_1.0.3_NUCLEO-F401RE\lib_stm\libLibraries.a(ucg_clip.o)
                                       0x9c32 (size before relaxing)
 .debug_str     0x0000000000045889      0x215 C:\Users\PC\Desktop\bai bao cao ben mindx\SDK_1.0.3_NUCLEO-F401RE\lib_stm\libLibraries.a(ucg_com_msg_api.o)
                                       0x9ddf (size before relaxing)

.comment        0x0000000000000000       0xce
 .comment       0x0000000000000000       0x53 ./Src/main.o
                                         0x54 (size before relaxing)
 .comment       0x0000000000000053       0x7b C:\Users\PC\Desktop\bai bao cao ben mindx\SDK_1.0.3_NUCLEO-F401RE\lib_stm\libLibraries.a(system_stm32f4xx.o)
                                         0x7c (size before relaxing)
 .comment       0x00000000000000ce       0x7c C:\Users\PC\Desktop\bai bao cao ben mindx\SDK_1.0.3_NUCLEO-F401RE\lib_stm\libLibraries.a(timer.o)
 .comment       0x00000000000000ce       0x7c C:\Users\PC\Desktop\bai bao cao ben mindx\SDK_1.0.3_NUCLEO-F401RE\lib_stm\libLibraries.a(Ucglib.o)
 .comment       0x00000000000000ce       0x7c C:\Users\PC\Desktop\bai bao cao ben mindx\SDK_1.0.3_NUCLEO-F401RE\lib_stm\libLibraries.a(ucg_box.o)
 .comment       0x00000000000000ce       0x7c C:\Users\PC\Desktop\bai bao cao ben mindx\SDK_1.0.3_NUCLEO-F401RE\lib_stm\libLibraries.a(ucg_ccs.o)
 .comment       0x00000000000000ce       0x7c C:\Users\PC\Desktop\bai bao cao ben mindx\SDK_1.0.3_NUCLEO-F401RE\lib_stm\libLibraries.a(ucg_dev_default_cb.o)
 .comment       0x00000000000000ce       0x7c C:\Users\PC\Desktop\bai bao cao ben mindx\SDK_1.0.3_NUCLEO-F401RE\lib_stm\libLibraries.a(ucg_dev_ic_st7735.o)
 .comment       0x00000000000000ce       0x7c C:\Users\PC\Desktop\bai bao cao ben mindx\SDK_1.0.3_NUCLEO-F401RE\lib_stm\libLibraries.a(ucg_dev_msg_api.o)
 .comment       0x00000000000000ce       0x7c C:\Users\PC\Desktop\bai bao cao ben mindx\SDK_1.0.3_NUCLEO-F401RE\lib_stm\libLibraries.a(ucg_dev_tft_128x128_st7735.o)
 .comment       0x00000000000000ce       0x7c C:\Users\PC\Desktop\bai bao cao ben mindx\SDK_1.0.3_NUCLEO-F401RE\lib_stm\libLibraries.a(ucg_font.o)
 .comment       0x00000000000000ce       0x7c C:\Users\PC\Desktop\bai bao cao ben mindx\SDK_1.0.3_NUCLEO-F401RE\lib_stm\libLibraries.a(ucg_init.o)
 .comment       0x00000000000000ce       0x7c C:\Users\PC\Desktop\bai bao cao ben mindx\SDK_1.0.3_NUCLEO-F401RE\lib_stm\libLibraries.a(ucg_line.o)
 .comment       0x00000000000000ce       0x7c C:\Users\PC\Desktop\bai bao cao ben mindx\SDK_1.0.3_NUCLEO-F401RE\lib_stm\libLibraries.a(ucg_pixel.o)
 .comment       0x00000000000000ce       0x7c C:\Users\PC\Desktop\bai bao cao ben mindx\SDK_1.0.3_NUCLEO-F401RE\lib_stm\libLibraries.a(ucg_pixel_font_data.o)
 .comment       0x00000000000000ce       0x7c C:\Users\PC\Desktop\bai bao cao ben mindx\SDK_1.0.3_NUCLEO-F401RE\lib_stm\libLibraries.a(ucg_rotate.o)
 .comment       0x00000000000000ce       0x7c C:\Users\PC\Desktop\bai bao cao ben mindx\SDK_1.0.3_NUCLEO-F401RE\lib_stm\libLibraries.a(buff.o)
 .comment       0x00000000000000ce       0x7c C:\Users\PC\Desktop\bai bao cao ben mindx\SDK_1.0.3_NUCLEO-F401RE\lib_stm\libLibraries.a(utilities.o)
 .comment       0x00000000000000ce       0x7c C:\Users\PC\Desktop\bai bao cao ben mindx\SDK_1.0.3_NUCLEO-F401RE\lib_stm\libLibraries.a(stm32f401re_gpio.o)
 .comment       0x00000000000000ce       0x7c C:\Users\PC\Desktop\bai bao cao ben mindx\SDK_1.0.3_NUCLEO-F401RE\lib_stm\libLibraries.a(stm32f401re_rcc.o)
 .comment       0x00000000000000ce       0x7c C:\Users\PC\Desktop\bai bao cao ben mindx\SDK_1.0.3_NUCLEO-F401RE\lib_stm\libLibraries.a(ucg_clip.o)
 .comment       0x00000000000000ce       0x7c C:\Users\PC\Desktop\bai bao cao ben mindx\SDK_1.0.3_NUCLEO-F401RE\lib_stm\libLibraries.a(ucg_com_msg_api.o)

.debug_frame    0x0000000000000000     0x2130
 .debug_frame   0x0000000000000000       0x30 ./Src/main.o
 .debug_frame   0x0000000000000030       0x74 C:\Users\PC\Desktop\bai bao cao ben mindx\SDK_1.0.3_NUCLEO-F401RE\lib_stm\libLibraries.a(system_stm32f4xx.o)
 .debug_frame   0x00000000000000a4      0x1a8 C:\Users\PC\Desktop\bai bao cao ben mindx\SDK_1.0.3_NUCLEO-F401RE\lib_stm\libLibraries.a(timer.o)
 .debug_frame   0x000000000000024c       0xec C:\Users\PC\Desktop\bai bao cao ben mindx\SDK_1.0.3_NUCLEO-F401RE\lib_stm\libLibraries.a(Ucglib.o)
 .debug_frame   0x0000000000000338       0xf0 C:\Users\PC\Desktop\bai bao cao ben mindx\SDK_1.0.3_NUCLEO-F401RE\lib_stm\libLibraries.a(ucg_box.o)
 .debug_frame   0x0000000000000428       0x88 C:\Users\PC\Desktop\bai bao cao ben mindx\SDK_1.0.3_NUCLEO-F401RE\lib_stm\libLibraries.a(ucg_ccs.o)
 .debug_frame   0x00000000000004b0       0xec C:\Users\PC\Desktop\bai bao cao ben mindx\SDK_1.0.3_NUCLEO-F401RE\lib_stm\libLibraries.a(ucg_dev_default_cb.o)
 .debug_frame   0x000000000000059c       0xd0 C:\Users\PC\Desktop\bai bao cao ben mindx\SDK_1.0.3_NUCLEO-F401RE\lib_stm\libLibraries.a(ucg_dev_ic_st7735.o)
 .debug_frame   0x000000000000066c      0x154 C:\Users\PC\Desktop\bai bao cao ben mindx\SDK_1.0.3_NUCLEO-F401RE\lib_stm\libLibraries.a(ucg_dev_msg_api.o)
 .debug_frame   0x00000000000007c0       0x34 C:\Users\PC\Desktop\bai bao cao ben mindx\SDK_1.0.3_NUCLEO-F401RE\lib_stm\libLibraries.a(ucg_dev_tft_128x128_st7735.o)
 .debug_frame   0x00000000000007f4      0x664 C:\Users\PC\Desktop\bai bao cao ben mindx\SDK_1.0.3_NUCLEO-F401RE\lib_stm\libLibraries.a(ucg_font.o)
 .debug_frame   0x0000000000000e58       0x5c C:\Users\PC\Desktop\bai bao cao ben mindx\SDK_1.0.3_NUCLEO-F401RE\lib_stm\libLibraries.a(ucg_init.o)
 .debug_frame   0x0000000000000eb4       0xe8 C:\Users\PC\Desktop\bai bao cao ben mindx\SDK_1.0.3_NUCLEO-F401RE\lib_stm\libLibraries.a(ucg_line.o)
 .debug_frame   0x0000000000000f9c       0x5c C:\Users\PC\Desktop\bai bao cao ben mindx\SDK_1.0.3_NUCLEO-F401RE\lib_stm\libLibraries.a(ucg_pixel.o)
 .debug_frame   0x0000000000000ff8      0x184 C:\Users\PC\Desktop\bai bao cao ben mindx\SDK_1.0.3_NUCLEO-F401RE\lib_stm\libLibraries.a(ucg_rotate.o)
 .debug_frame   0x000000000000117c      0x118 C:\Users\PC\Desktop\bai bao cao ben mindx\SDK_1.0.3_NUCLEO-F401RE\lib_stm\libLibraries.a(buff.o)
 .debug_frame   0x0000000000001294      0x100 C:\Users\PC\Desktop\bai bao cao ben mindx\SDK_1.0.3_NUCLEO-F401RE\lib_stm\libLibraries.a(utilities.o)
 .debug_frame   0x0000000000001394      0x23c C:\Users\PC\Desktop\bai bao cao ben mindx\SDK_1.0.3_NUCLEO-F401RE\lib_stm\libLibraries.a(stm32f401re_gpio.o)
 .debug_frame   0x00000000000015d0      0x774 C:\Users\PC\Desktop\bai bao cao ben mindx\SDK_1.0.3_NUCLEO-F401RE\lib_stm\libLibraries.a(stm32f401re_rcc.o)
 .debug_frame   0x0000000000001d44      0x11c C:\Users\PC\Desktop\bai bao cao ben mindx\SDK_1.0.3_NUCLEO-F401RE\lib_stm\libLibraries.a(ucg_clip.o)
 .debug_frame   0x0000000000001e60      0x2a4 C:\Users\PC\Desktop\bai bao cao ben mindx\SDK_1.0.3_NUCLEO-F401RE\lib_stm\libLibraries.a(ucg_com_msg_api.o)
 .debug_frame   0x0000000000002104       0x2c c:/st/stm32cubeide_1.7.0/stm32cubeide/plugins/com.st.stm32cube.ide.mcu.externaltools.gnu-tools-for-stm32.9-2020-q2-update.win32_2.0.0.202105311346/tools/bin/../lib/gcc/arm-none-eabi/9.3.1/../../../../arm-none-eabi/lib/thumb/v7e-m+fp/hard\libc_nano.a(lib_a-init.o)
